Component: ARM Compiler 5.06 update 6 (build 750) Tool: armlink [4d35ed]

==============================================================================

Section Cross References

    startup_stm32g431xx.o(STACK) refers (Special) to heapauxi.o(.text) for __use_two_region_memory
    startup_stm32g431xx.o(HEAP) refers (Special) to heapauxi.o(.text) for __use_two_region_memory
    startup_stm32g431xx.o(RESET) refers (Special) to heapauxi.o(.text) for __use_two_region_memory
    startup_stm32g431xx.o(RESET) refers to startup_stm32g431xx.o(STACK) for __initial_sp
    startup_stm32g431xx.o(RESET) refers to startup_stm32g431xx.o(.text) for Reset_Handler
    startup_stm32g431xx.o(RESET) refers to stm32g4xx_it.o(i.NMI_Handler) for NMI_Handler
    startup_stm32g431xx.o(RESET) refers to stm32g4xx_it.o(i.HardFault_Handler) for HardFault_Handler
    startup_stm32g431xx.o(RESET) refers to stm32g4xx_it.o(i.MemManage_Handler) for MemManage_Handler
    startup_stm32g431xx.o(RESET) refers to stm32g4xx_it.o(i.BusFault_Handler) for BusFault_Handler
    startup_stm32g431xx.o(RESET) refers to stm32g4xx_it.o(i.UsageFault_Handler) for UsageFault_Handler
    startup_stm32g431xx.o(RESET) refers to stm32g4xx_it.o(i.SVC_Handler) for SVC_Handler
    startup_stm32g431xx.o(RESET) refers to stm32g4xx_it.o(i.DebugMon_Handler) for DebugMon_Handler
    startup_stm32g431xx.o(RESET) refers to stm32g4xx_it.o(i.PendSV_Handler) for PendSV_Handler
    startup_stm32g431xx.o(RESET) refers to stm32g4xx_it.o(i.SysTick_Handler) for SysTick_Handler
    startup_stm32g431xx.o(RESET) refers to stm32g4xx_it.o(i.DMA1_Channel2_IRQHandler) for DMA1_Channel2_IRQHandler
    startup_stm32g431xx.o(RESET) refers to stm32g4xx_it.o(i.DMA1_Channel3_IRQHandler) for DMA1_Channel3_IRQHandler
    startup_stm32g431xx.o(RESET) refers to stm32g4xx_it.o(i.DMA1_Channel4_IRQHandler) for DMA1_Channel4_IRQHandler
    startup_stm32g431xx.o(RESET) refers to stm32g4xx_it.o(i.ADC1_2_IRQHandler) for ADC1_2_IRQHandler
    startup_stm32g431xx.o(RESET) refers to stm32g4xx_it.o(i.USB_LP_IRQHandler) for USB_LP_IRQHandler
    startup_stm32g431xx.o(RESET) refers to stm32g4xx_it.o(i.TIM1_UP_TIM16_IRQHandler) for TIM1_UP_TIM16_IRQHandler
    startup_stm32g431xx.o(RESET) refers to stm32g4xx_it.o(i.TIM3_IRQHandler) for TIM3_IRQHandler
    startup_stm32g431xx.o(RESET) refers to stm32g4xx_it.o(i.USART3_IRQHandler) for USART3_IRQHandler
    startup_stm32g431xx.o(RESET) refers to stm32g4xx_it.o(i.DMA2_Channel1_IRQHandler) for DMA2_Channel1_IRQHandler
    startup_stm32g431xx.o(.text) refers (Special) to heapauxi.o(.text) for __use_two_region_memory
    startup_stm32g431xx.o(.text) refers to system_stm32g4xx.o(i.SystemInit) for SystemInit
    startup_stm32g431xx.o(.text) refers to __main.o(!!!main) for __main
    startup_stm32g431xx.o(.text) refers to startup_stm32g431xx.o(HEAP) for Heap_Mem
    startup_stm32g431xx.o(.text) refers to startup_stm32g431xx.o(STACK) for Stack_Mem
    main.o(i.SystemClock_Config) refers to rt_memclr_w.o(.text) for __aeabi_memclr4
    main.o(i.SystemClock_Config) refers to stm32g4xx_hal_pwr_ex.o(i.HAL_PWREx_ControlVoltageScaling) for HAL_PWREx_ControlVoltageScaling
    main.o(i.SystemClock_Config) refers to stm32g4xx_hal_rcc.o(i.HAL_RCC_OscConfig) for HAL_RCC_OscConfig
    main.o(i.SystemClock_Config) refers to stm32g4xx_hal_rcc.o(i.HAL_RCC_ClockConfig) for HAL_RCC_ClockConfig
    main.o(i.main) refers to stm32g4xx_hal.o(i.HAL_Init) for HAL_Init
    main.o(i.main) refers to main.o(i.SystemClock_Config) for SystemClock_Config
    main.o(i.main) refers to gpio.o(i.MX_GPIO_Init) for MX_GPIO_Init
    main.o(i.main) refers to dma.o(i.MX_DMA_Init) for MX_DMA_Init
    main.o(i.main) refers to adc.o(i.MX_ADC1_Init) for MX_ADC1_Init
    main.o(i.main) refers to adc.o(i.MX_ADC2_Init) for MX_ADC2_Init
    main.o(i.main) refers to fdcan.o(i.MX_FDCAN1_Init) for MX_FDCAN1_Init
    main.o(i.main) refers to spi.o(i.MX_SPI1_Init) for MX_SPI1_Init
    main.o(i.main) refers to spi.o(i.MX_SPI3_Init) for MX_SPI3_Init
    main.o(i.main) refers to tim.o(i.MX_TIM1_Init) for MX_TIM1_Init
    main.o(i.main) refers to tim.o(i.MX_TIM3_Init) for MX_TIM3_Init
    main.o(i.main) refers to usart.o(i.MX_USART3_UART_Init) for MX_USART3_UART_Init
    main.o(i.main) refers to usb_device.o(i.MX_USB_Device_Init) for MX_USB_Device_Init
    main.o(i.main) refers to stm32g4xx_hal_adc_ex.o(i.HAL_ADCEx_Calibration_Start) for HAL_ADCEx_Calibration_Start
    main.o(i.main) refers to foc_drv.o(i.pmsm_init) for pmsm_init
    main.o(i.main) refers to stm32g4xx_hal_adc_ex.o(i.HAL_ADCEx_InjectedStart_IT) for HAL_ADCEx_InjectedStart_IT
    main.o(i.main) refers to stm32g4xx_hal_adc_ex.o(i.HAL_ADCEx_InjectedStart) for HAL_ADCEx_InjectedStart
    main.o(i.main) refers to stm32g4xx_hal_adc.o(i.HAL_ADC_Start_DMA) for HAL_ADC_Start_DMA
    main.o(i.main) refers to foc_drv.o(i.foc_pwm_start) for foc_pwm_start
    main.o(i.main) refers to stm32g4xx_hal_tim.o(i.HAL_TIM_Base_Start_IT) for HAL_TIM_Base_Start_IT
[...]
    EXTI2_IRQHandler                         0x080002d3   Thumb Code     0  startup_stm32g431xx.o(.text)
    EXTI3_IRQHandler                         0x080002d3   Thumb Code     0  startup_stm32g431xx.o(.text)
    EXTI4_IRQHandler                         0x080002d3   Thumb Code     0  startup_stm32g431xx.o(.text)
    EXTI9_5_IRQHandler                       0x080002d3   Thumb Code     0  startup_stm32g431xx.o(.text)
    FDCAN1_IT0_IRQHandler                    0x080002d3   Thumb Code     0  startup_stm32g431xx.o(.text)
    FDCAN1_IT1_IRQHandler                    0x080002d3   Thumb Code     0  startup_stm32g431xx.o(.text)
    FLASH_IRQHandler                         0x080002d3   Thumb Code     0  startup_stm32g431xx.o(.text)
    FMAC_IRQHandler                          0x080002d3   Thumb Code     0  startup_stm32g431xx.o(.text)
    FPU_IRQHandler                           0x080002d3   Thumb Code     0  startup_stm32g431xx.o(.text)
    I2C1_ER_IRQHandler                       0x080002d3   Thumb Code     0  startup_stm32g431xx.o(.text)
    I2C1_EV_IRQHandler                       0x080002d3   Thumb Code     0  startup_stm32g431xx.o(.text)
    I2C2_ER_IRQHandler                       0x080002d3   Thumb Code     0  startup_stm32g431xx.o(.text)
    I2C2_EV_IRQHandler                       0x080002d3   Thumb Code     0  startup_stm32g431xx.o(.text)
    I2C3_ER_IRQHandler                       0x080002d3   Thumb Code     0  startup_stm32g431xx.o(.text)
    I2C3_EV_IRQHandler                       0x080002d3   Thumb Code     0  startup_stm32g431xx.o(.text)
    LPTIM1_IRQHandler                        0x080002d3   Thumb Code     0  startup_stm32g431xx.o(.text)
    LPUART1_IRQHandler                       0x080002d3   Thumb Code     0  startup_stm32g431xx.o(.text)
    PVD_PVM_IRQHandler                       0x080002d3   Thumb Code     0  startup_stm32g431xx.o(.text)
    RCC_IRQHandler                           0x080002d3   Thumb Code     0  startup_stm32g431xx.o(.text)
    RNG_IRQHandler                           0x080002d3   Thumb Code     0  startup_stm32g431xx.o(.text)
    RTC_Alarm_IRQHandler                     0x080002d3   Thumb Code     0  startup_stm32g431xx.o(.text)
    RTC_TAMP_LSECSS_IRQHandler               0x080002d3   Thumb Code     0  startup_stm32g431xx.o(.text)
    RTC_WKUP_IRQHandler                      0x080002d3   Thumb Code     0  startup_stm32g431xx.o(.text)
    SAI1_IRQHandler                          0x080002d3   Thumb Code     0  startup_stm32g431xx.o(.text)
    SPI1_IRQHandler                          0x080002d3   Thumb Code     0  startup_stm32g431xx.o(.text)
    SPI2_IRQHandler                          0x080002d3   Thumb Code     0  startup_stm32g431xx.o(.text)
    SPI3_IRQHandler                          0x080002d3   Thumb Code     0  startup_stm32g431xx.o(.text)
    TIM1_BRK_TIM15_IRQHandler                0x080002d3   Thumb Code     0  startup_stm32g431xx.o(.text)
    TIM1_CC_IRQHandler                       0x080002d3   Thumb Code     0  startup_stm32g431xx.o(.text)
    TIM1_TRG_COM_TIM17_IRQHandler            0x080002d3   Thumb Code     0  startup_stm32g431xx.o(.text)
    TIM2_IRQHandler                          0x080002d3   Thumb Code     0  startup_stm32g431xx.o(.text)
    TIM4_IRQHandler                          0x080002d3   Thumb Code     0  startup_stm32g431xx.o(.text)
    TIM6_DAC_IRQHandler                      0x080002d3   Thumb Code     0  startup_stm32g431xx.o(.text)
    TIM7_IRQHandler                          0x080002d3   Thumb Code     0  startup_stm32g431xx.o(.text)
    TIM8_BRK_IRQHandler                      0x080002d3   Thumb Code     0  startup_stm32g431xx.o(.text)
    TIM8_CC_IRQHandler                       0x080002d3   Thumb Code     0  startup_stm32g431xx.o(.text)
    TIM8_TRG_COM_IRQHandler                  0x080002d3   Thumb Code     0  startup_stm32g431xx.o(.text)
    TIM8_UP_IRQHandler                       0x080002d3   Thumb Code     0  startup_stm32g431xx.o(.text)
    UART4_IRQHandler                         0x080002d3   Thumb Code     0  startup_stm32g431xx.o(.text)
    UCPD1_IRQHandler                         0x080002d3   Thumb Code     0  startup_stm32g431xx.o(.text)
    USART1_IRQHandler                        0x080002d3   Thumb Code     0  startup_stm32g431xx.o(.text)
    USART2_IRQHandler                        0x080002d3   Thumb Code     0  startup_stm32g431xx.o(.text)
    USBWakeUp_IRQHandler                     0x080002d3   Thumb Code     0  startup_stm32g431xx.o(.text)
    USB_HP_IRQHandler                        0x080002d3   Thumb Code     0  startup_stm32g431xx.o(.text)
    WWDG_IRQHandler                          0x080002d3   Thumb Code     0  startup_stm32g431xx.o(.text)
    __user_initial_stackheap                 0x080002d5   Thumb Code     0  startup_stm32g431xx.o(.text)
    __aeabi_uldivmod                         0x080002f9   Thumb Code     0  lludivv7m.o(.text)
    _ll_udiv                                 0x080002f9   Thumb Code   238  lludivv7m.o(.text)
    __aeabi_memclr4                          0x080003e7   Thumb Code     0  rt_memclr_w.o(.text)
    __aeabi_memclr8                          0x080003e7   Thumb Code     0  rt_memclr_w.o(.text)
    __rt_memclr_w                            0x080003e7   Thumb Code    78  rt_memclr_w.o(.text)
    _memset_w                                0x080003eb   Thumb Code     0  rt_memclr_w.o(.text)
    __use_two_region_memory                  0x08000435   Thumb Code     2  heapauxi.o(.text)
    __rt_heap_escrow$2region                 0x08000437   Thumb Code     2  heapauxi.o(.text)
    __rt_heap_expand$2region                 0x08000439   Thumb Code     2  heapauxi.o(.text)
    __read_errno                             0x0800043b   Thumb Code    10  _rserrno.o(.text)
    __set_errno                              0x08000445   Thumb Code    12  _rserrno.o(.text)
    __aeabi_errno_addr                       0x08000451   Thumb Code     8  rt_errno_addr_intlibspace.o(.text)
    __errno$intlibspace                      0x08000451   Thumb Code     0  rt_errno_addr_intlibspace.o(.text)
    __rt_errno_addr$intlibspace              0x08000451   Thumb Code     0  rt_errno_addr_intlibspace.o(.text)
    __user_libspace                          0x08000459   Thumb Code     8  libspace.o(.text)
    __user_perproc_libspace                  0x08000459   Thumb Code     0  libspace.o(.text)
    __user_perthread_libspace                0x08000459   Thumb Code     0  libspace.o(.text)
    __user_setup_stackheap                   0x08000461   Thumb Code    74  sys_stackheap_outer.o(.text)
    exit                                     0x080004ab   Thumb Code    18  exit.o(.text)
    _sys_exit                                0x080004bd   Thumb Code     8  sys_exit.o(.text)
    __I$use$semihosting                      0x080004c9   Thumb Code     0  use_no_semi.o(.text)
    __use_no_semihosting_swi                 0x080004c9   Thumb Code     2  use_no_semi.o(.text)
    __semihosting_library_function           0x080004cb   Thumb Code     0  indicate_semi.o(.text)
    ADC1_2_IRQHandler                        0x080004cd   Thumb Code    18  stm32g4xx_it.o(i.ADC1_2_IRQHandler)
    ADC_DMAConvCplt                          0x080004e9   Thumb Code   104  stm32g4xx_hal_adc.o(i.ADC_DMAConvCplt)
    ADC_DMAError                             0x08000551   Thumb Code    26  stm32g4xx_hal_adc.o(i.ADC_DMAError)
    ADC_DMAHalfConvCplt                      0x0800056b   Thumb Code    10  stm32g4xx_hal_adc.o(i.ADC_DMAHalfConvCplt)
    ADC_Disable                              0x08000575   Thumb Code   106  stm32g4xx_hal_adc.o(i.ADC_Disable)
    ADC_Enable                               0x080005e5   Thumb Code   154  stm32g4xx_hal_adc.o(i.ADC_Enable)
    BusFault_Handler                         0x08000691   Thumb Code     2  stm32g4xx_it.o(i.BusFault_Handler)
    CDC_Transmit_FS                          0x080006dd   Thumb Code    38  usbd_cdc_if.o(i.CDC_Transmit_FS)
    DMA1_Channel2_IRQHandler                 0x08000709   Thumb Code     6  stm32g4xx_it.o(i.DMA1_Channel2_IRQHandler)
    DMA1_Channel3_IRQHandler                 0x08000715   Thumb Code     6  stm32g4xx_it.o(i.DMA1_Channel3_IRQHandler)
    DMA1_Channel4_IRQHandler                 0x08000721   Thumb Code     6  stm32g4xx_it.o(i.DMA1_Channel4_IRQHandler)
    DMA2_Channel1_IRQHandler                 0x0800072d   Thumb Code     6  stm32g4xx_it.o(i.DMA2_Channel1_IRQHandler)
    DebugMon_Handler                         0x080007db   Thumb Code     2  stm32g4xx_it.o(i.DebugMon_Handler)
    Error_Handler                            0x080007dd   Thumb Code     4  main.o(i.Error_Handler)
    HAL_ADCEx_Calibration_Start              0x080007e1   Thumb Code   138  stm32g4xx_hal_adc_ex.o(i.HAL_ADCEx_Calibration_Start)
    HAL_ADCEx_EndOfSamplingCallback          0x08000875   Thumb Code     2  stm32g4xx_hal_adc_ex.o(i.HAL_ADCEx_EndOfSamplingCallback)
    HAL_ADCEx_InjectedConfigChannel          0x08000879   Thumb Code  1264  stm32g4xx_hal_adc_ex.o(i.HAL_ADCEx_InjectedConfigChannel)
    HAL_ADCEx_InjectedConvCpltCallback       0x08000d91   Thumb Code    48  foc_ctrl.o(i.HAL_ADCEx_InjectedConvCpltCallback)
    HAL_ADCEx_InjectedQueueOverflowCallback  0x08000dc5   Thumb Code     2  stm32g4xx_hal_adc_ex.o(i.HAL_ADCEx_InjectedQueueOverflowCallback)
    HAL_ADCEx_InjectedStart                  0x08000dc9   Thumb Code   220  stm32g4xx_hal_adc_ex.o(i.HAL_ADCEx_InjectedStart)
    HAL_ADCEx_InjectedStart_IT               0x08000eb1   Thumb Code   282  stm32g4xx_hal_adc_ex.o(i.HAL_ADCEx_InjectedStart_IT)
    HAL_ADCEx_LevelOutOfWindow2Callback      0x08000fd9   Thumb Code     2  stm32g4xx_hal_adc_ex.o(i.HAL_ADCEx_LevelOutOfWindow2Callback)
    HAL_ADCEx_LevelOutOfWindow3Callback      0x08000fdb   Thumb Code     2  stm32g4xx_hal_adc_ex.o(i.HAL_ADCEx_LevelOutOfWindow3Callback)
    HAL_ADCEx_MultiModeConfigChannel         0x08000fdd   Thumb Code   208  stm32g4xx_hal_adc_ex.o(i.HAL_ADCEx_MultiModeConfigChannel)
    HAL_ADC_ConfigChannel                    0x080010b5   Thumb Code  1006  stm32g4xx_hal_adc.o(i.HAL_ADC_ConfigChannel)
    HAL_ADC_ConvCpltCallback                 0x080014d9   Thumb Code     2  stm32g4xx_hal_adc.o(i.HAL_ADC_ConvCpltCallback)
    HAL_ADC_ConvHalfCpltCallback             0x080014db   Thumb Code     2  stm32g4xx_hal_adc.o(i.HAL_ADC_ConvHalfCpltCallback)
    HAL_ADC_ErrorCallback                    0x080014dd   Thumb Code     2  stm32g4xx_hal_adc.o(i.HAL_ADC_ErrorCallback)
    HAL_ADC_IRQHandler                       0x080014e1   Thumb Code   612  stm32g4xx_hal_adc.o(i.HAL_ADC_IRQHandler)
    HAL_ADC_Init                             0x0800174d   Thumb Code   466  stm32g4xx_hal_adc.o(i.HAL_ADC_Init)
    HAL_ADC_LevelOutOfWindowCallback         0x08001941   Thumb Code     2  stm32g4xx_hal_adc.o(i.HAL_ADC_LevelOutOfWindowCallback)
    HAL_ADC_MspInit                          0x08001945   Thumb Code   376  adc.o(i.HAL_ADC_MspInit)
    HAL_ADC_Start_DMA                        0x08001ad9   Thumb Code   214  stm32g4xx_hal_adc.o(i.HAL_ADC_Start_DMA)
    HAL_DMA_Abort                            0x08001bc9   Thumb Code   106  stm32g4xx_hal_dma.o(i.HAL_DMA_Abort)
    HAL_DMA_Abort_IT                         0x08001c33   Thumb Code   120  stm32g4xx_hal_dma.o(i.HAL_DMA_Abort_IT)
    HAL_DMA_IRQHandler                       0x08001cab   Thumb Code   186  stm32g4xx_hal_dma.o(i.HAL_DMA_IRQHandler)
    HAL_DMA_Init                             0x08001d65   Thumb Code   178  stm32g4xx_hal_dma.o(i.HAL_DMA_Init)
    HAL_DMA_Start_IT                         0x08001e25   Thumb Code   140  stm32g4xx_hal_dma.o(i.HAL_DMA_Start_IT)
    HAL_Delay                                0x08001eb1   Thumb Code    32  stm32g4xx_hal.o(i.HAL_Delay)
    HAL_FDCAN_Init                           0x08001ed5   Thumb Code   498  stm32g4xx_hal_fdcan.o(i.HAL_FDCAN_Init)
    HAL_FDCAN_MspInit                        0x080020d9   Thumb Code   116  fdcan.o(i.HAL_FDCAN_MspInit)
    HAL_GPIO_Init                            0x08002159   Thumb Code   550  stm32g4xx_hal_gpio.o(i.HAL_GPIO_Init)
    HAL_GPIO_WritePin                        0x080023a1   Thumb Code    10  stm32g4xx_hal_gpio.o(i.HAL_GPIO_WritePin)
    HAL_GetTick                              0x080023ad   Thumb Code     6  stm32g4xx_hal.o(i.HAL_GetTick)
    HAL_IncTick                              0x080023b9   Thumb Code    12  stm32g4xx_hal.o(i.HAL_IncTick)
    HAL_Init                                 0x080023c9   Thumb Code    30  stm32g4xx_hal.o(i.HAL_Init)
    HAL_InitTick                             0x080023e9   Thumb Code    58  stm32g4xx_hal.o(i.HAL_InitTick)
    HAL_MspInit                              0x0800242d   Thumb Code    42  stm32g4xx_hal_msp.o(i.HAL_MspInit)
    HAL_NVIC_EnableIRQ                       0x0800245d   Thumb Code    26  stm32g4xx_hal_cortex.o(i.HAL_NVIC_EnableIRQ)
    HAL_NVIC_SetPriority                     0x08002479   Thumb Code    60  stm32g4xx_hal_cortex.o(i.HAL_NVIC_SetPriority)
    HAL_NVIC_SetPriorityGrouping             0x080024b9   Thumb Code    26  stm32g4xx_hal_cortex.o(i.HAL_NVIC_SetPriorityGrouping)
    HAL_PCDEx_ActivateLPM                    0x080024dd   Thumb Code    36  stm32g4xx_hal_pcd_ex.o(i.HAL_PCDEx_ActivateLPM)
    HAL_PCDEx_LPM_Callback                   0x08002501   Thumb Code    64  usbd_conf.o(i.HAL_PCDEx_LPM_Callback)
    HAL_PCDEx_PMAConfig                      0x08002545   Thumb Code    60  stm32g4xx_hal_pcd_ex.o(i.HAL_PCDEx_PMAConfig)
    HAL_PCD_DataInStageCallback              0x08002581   Thumb Code    18  usbd_conf.o(i.HAL_PCD_DataInStageCallback)
    HAL_PCD_DataOutStageCallback             0x08002593   Thumb Code    20  usbd_conf.o(i.HAL_PCD_DataOutStageCallback)
    HAL_PCD_EP_Close                         0x080025a7   Thumb Code    74  stm32g4xx_hal_pcd.o(i.HAL_PCD_EP_Close)
    HAL_PCD_EP_ClrStall                      0x080025f1   Thumb Code    90  stm32g4xx_hal_pcd.o(i.HAL_PCD_EP_ClrStall)
    HAL_PCD_EP_GetRxCount                    0x08002aa7   Thumb Code    18  stm32g4xx_hal_pcd.o(i.HAL_PCD_EP_GetRxCount)
    HAL_PCD_EP_Open                          0x08002ab9   Thumb Code    92  stm32g4xx_hal_pcd.o(i.HAL_PCD_EP_Open)
    HAL_PCD_EP_Receive                       0x08002b15   Thumb Code    46  stm32g4xx_hal_pcd.o(i.HAL_PCD_EP_Receive)
    HAL_PCD_EP_SetStall                      0x08002b43   Thumb Code    94  stm32g4xx_hal_pcd.o(i.HAL_PCD_EP_SetStall)
    HAL_PCD_EP_Transmit                      0x08002ba1   Thumb Code    46  stm32g4xx_hal_pcd.o(i.HAL_PCD_EP_Transmit)
    HAL_PCD_IRQHandler                       0x08002bcf   Thumb Code   330  stm32g4xx_hal_pcd.o(i.HAL_PCD_IRQHandler)
    HAL_PCD_Init                             0x08002d19   Thumb Code   156  stm32g4xx_hal_pcd.o(i.HAL_PCD_Init)
    HAL_PCD_MspInit                          0x08002db5   Thumb Code    80  usbd_conf.o(i.HAL_PCD_MspInit)
    HAL_PCD_ResetCallback                    0x08002e0d   Thumb Code    38  usbd_conf.o(i.HAL_PCD_ResetCallback)
    HAL_PCD_ResumeCallback                   0x08002e35   Thumb Code    34  usbd_conf.o(i.HAL_PCD_ResumeCallback)
    HAL_PCD_SOFCallback                      0x08002e5d   Thumb Code     8  usbd_conf.o(i.HAL_PCD_SOFCallback)
    HAL_PCD_SetAddress                       0x08002e65   Thumb Code    38  stm32g4xx_hal_pcd.o(i.HAL_PCD_SetAddress)
    HAL_PCD_SetupStageCallback               0x08002e8b   Thumb Code    14  usbd_conf.o(i.HAL_PCD_SetupStageCallback)
    HAL_PCD_Start                            0x08002e99   Thumb Code    42  stm32g4xx_hal_pcd.o(i.HAL_PCD_Start)
    HAL_PCD_SuspendCallback                  0x08002ec5   Thumb Code    30  usbd_conf.o(i.HAL_PCD_SuspendCallback)
    HAL_PWREx_ControlVoltageScaling          0x08002ee9   Thumb Code   174  stm32g4xx_hal_pwr_ex.o(i.HAL_PWREx_ControlVoltageScaling)
    HAL_PWREx_DisableUCPDDeadBattery         0x08002fa5   Thumb Code    12  stm32g4xx_hal_pwr_ex.o(i.HAL_PWREx_DisableUCPDDeadBattery)
    HAL_RCCEx_PeriphCLKConfig                0x08002fb5   Thumb Code   638  stm32g4xx_hal_rcc_ex.o(i.HAL_RCCEx_PeriphCLKConfig)
    HAL_RCC_ClockConfig                      0x0800323d   Thumb Code   444  stm32g4xx_hal_rcc.o(i.HAL_RCC_ClockConfig)
    HAL_RCC_GetPCLK1Freq                     0x08003419   Thumb Code    24  stm32g4xx_hal_rcc.o(i.HAL_RCC_GetPCLK1Freq)
    HAL_RCC_GetPCLK2Freq                     0x0800343d   Thumb Code    24  stm32g4xx_hal_rcc.o(i.HAL_RCC_GetPCLK2Freq)
    HAL_RCC_GetSysClockFreq                  0x08003461   Thumb Code    98  stm32g4xx_hal_rcc.o(i.HAL_RCC_GetSysClockFreq)
    HAL_RCC_OscConfig                        0x080034cd   Thumb Code  1028  stm32g4xx_hal_rcc.o(i.HAL_RCC_OscConfig)
    HAL_SPI_Init                             0x080038d1   Thumb Code   234  stm32g4xx_hal_spi.o(i.HAL_SPI_Init)
    HAL_SPI_MspInit                          0x080039bd   Thumb Code   146  spi.o(i.HAL_SPI_MspInit)
    HAL_SYSTICK_Config                       0x08003a65   Thumb Code    40  stm32g4xx_hal_cortex.o(i.HAL_SYSTICK_Config)
    HAL_TIMEx_Break2Callback                 0x08003a8d   Thumb Code     2  stm32g4xx_hal_tim_ex.o(i.HAL_TIMEx_Break2Callback)
    HAL_TIMEx_BreakCallback                  0x08003a8f   Thumb Code     2  stm32g4xx_hal_tim_ex.o(i.HAL_TIMEx_BreakCallback)
    HAL_TIMEx_CommutCallback                 0x08003a91   Thumb Code     2  stm32g4xx_hal_tim_ex.o(i.HAL_TIMEx_CommutCallback)
    HAL_TIMEx_ConfigBreakDeadTime            0x08003a95   Thumb Code   148  stm32g4xx_hal_tim_ex.o(i.HAL_TIMEx_ConfigBreakDeadTime)
    HAL_TIMEx_DirectionChangeCallback        0x08003b31   Thumb Code     2  stm32g4xx_hal_tim_ex.o(i.HAL_TIMEx_DirectionChangeCallback)
    HAL_TIMEx_EncoderIndexCallback           0x08003b33   Thumb Code     2  stm32g4xx_hal_tim_ex.o(i.HAL_TIMEx_EncoderIndexCallback)
    HAL_TIMEx_IndexErrorCallback             0x08003b35   Thumb Code     2  stm32g4xx_hal_tim_ex.o(i.HAL_TIMEx_IndexErrorCallback)
    HAL_TIMEx_MasterConfigSynchronization    0x08003b39   Thumb Code   132  stm32g4xx_hal_tim_ex.o(i.HAL_TIMEx_MasterConfigSynchronization)
    HAL_TIMEx_PWMN_Start                     0x08003bd5   Thumb Code   158  stm32g4xx_hal_tim_ex.o(i.HAL_TIMEx_PWMN_Start)
    HAL_TIMEx_TransitionErrorCallback        0x08003c8d   Thumb Code     2  stm32g4xx_hal_tim_ex.o(i.HAL_TIMEx_TransitionErrorCallback)
    HAL_TIM_Base_Init                        0x08003c8f   Thumb Code    98  stm32g4xx_hal_tim.o(i.HAL_TIM_Base_Init)
    HAL_TIM_Base_MspInit                     0x08003cf1   Thumb Code    86  tim.o(i.HAL_TIM_Base_MspInit)
    HAL_TIM_Base_Start_IT                    0x08003d55   Thumb Code    94  stm32g4xx_hal_tim.o(i.HAL_TIM_Base_Start_IT)
    HAL_TIM_ConfigClockSource                0x08003dcd   Thumb Code   246  stm32g4xx_hal_tim.o(i.HAL_TIM_ConfigClockSource)
    HAL_TIM_IC_CaptureCallback               0x08003ecd   Thumb Code     2  stm32g4xx_hal_tim.o(i.HAL_TIM_IC_CaptureCallback)
    HAL_TIM_IRQHandler                       0x08003ecf   Thumb Code   418  stm32g4xx_hal_tim.o(i.HAL_TIM_IRQHandler)
    HAL_TIM_MspPostInit                      0x08004071   Thumb Code   136  tim.o(i.HAL_TIM_MspPostInit)
    HAL_TIM_OC_DelayElapsedCallback          0x08004105   Thumb Code     2  stm32g4xx_hal_tim.o(i.HAL_TIM_OC_DelayElapsedCallback)
    HAL_TIM_PWM_ConfigChannel                0x08004107   Thumb Code   292  stm32g4xx_hal_tim.o(i.HAL_TIM_PWM_ConfigChannel)
    HAL_TIM_PWM_Init                         0x0800422b   Thumb Code    98  stm32g4xx_hal_tim.o(i.HAL_TIM_PWM_Init)
    HAL_TIM_PWM_MspInit                      0x0800428d   Thumb Code     2  stm32g4xx_hal_tim.o(i.HAL_TIM_PWM_MspInit)
    HAL_TIM_PWM_PulseFinishedCallback        0x0800428f   Thumb Code     2  stm32g4xx_hal_tim.o(i.HAL_TIM_PWM_PulseFinishedCallback)
    HAL_TIM_PWM_Start                        0x08004291   Thumb Code   218  stm32g4xx_hal_tim.o(i.HAL_TIM_PWM_Start)
    HAL_TIM_PeriodElapsedCallback            0x0800438d   Thumb Code    42  foc_ctrl.o(i.HAL_TIM_PeriodElapsedCallback)
    HAL_TIM_TriggerCallback                  0x080043c5   Thumb Code     2  stm32g4xx_hal_tim.o(i.HAL_TIM_TriggerCallback)
    HAL_UARTEx_DisableFifoMode               0x080043c7   Thumb Code    62  stm32g4xx_hal_uart_ex.o(i.HAL_UARTEx_DisableFifoMode)
    HAL_UARTEx_RxEventCallback               0x08004405   Thumb Code     2  stm32g4xx_hal_uart.o(i.HAL_UARTEx_RxEventCallback)
    HAL_UARTEx_RxFifoFullCallback            0x08004407   Thumb Code     2  stm32g4xx_hal_uart_ex.o(i.HAL_UARTEx_RxFifoFullCallback)
    HAL_UARTEx_SetRxFifoThreshold            0x08004409   Thumb Code    76  stm32g4xx_hal_uart_ex.o(i.HAL_UARTEx_SetRxFifoThreshold)
    HAL_UARTEx_SetTxFifoThreshold            0x08004455   Thumb Code    76  stm32g4xx_hal_uart_ex.o(i.HAL_UARTEx_SetTxFifoThreshold)
    HAL_UARTEx_TxFifoEmptyCallback           0x080044a1   Thumb Code     2  stm32g4xx_hal_uart_ex.o(i.HAL_UARTEx_TxFifoEmptyCallback)
    HAL_UARTEx_WakeupCallback                0x080044a3   Thumb Code     2  stm32g4xx_hal_uart_ex.o(i.HAL_UARTEx_WakeupCallback)
    HAL_UART_ErrorCallback                   0x080044a5   Thumb Code     2  stm32g4xx_hal_uart.o(i.HAL_UART_ErrorCallback)
    HAL_UART_IRQHandler                      0x080044a9   Thumb Code   782  stm32g4xx_hal_uart.o(i.HAL_UART_IRQHandler)
    HAL_UART_Init                            0x080047c5   Thumb Code   106  stm32g4xx_hal_uart.o(i.HAL_UART_Init)
    HAL_UART_MspInit                         0x08004831   Thumb Code   220  usart.o(i.HAL_UART_MspInit)
    HAL_UART_TxCpltCallback                  0x08004925   Thumb Code     2  stm32g4xx_hal_uart.o(i.HAL_UART_TxCpltCallback)
    HardFault_Handler                        0x08004927   Thumb Code     2  stm32g4xx_it.o(i.HardFault_Handler)
    MX_ADC1_Init                             0x08004a05   Thumb Code   184  adc.o(i.MX_ADC1_Init)
    MX_ADC2_Init                             0x08004ac5   Thumb Code   256  adc.o(i.MX_ADC2_Init)
    MX_DMA_Init                              0x08004bdd   Thumb Code   120  dma.o(i.MX_DMA_Init)
    MX_FDCAN1_Init                           0x08004c59   Thumb Code    80  fdcan.o(i.MX_FDCAN1_Init)
    MX_GPIO_Init                             0x08004cb1   Thumb Code   298  gpio.o(i.MX_GPIO_Init)
    MX_SPI1_Init                             0x08004ded   Thumb Code    72  spi.o(i.MX_SPI1_Init)
    MX_SPI3_Init                             0x08004e3d   Thumb Code    72  spi.o(i.MX_SPI3_Init)
    MX_TIM1_Init                             0x08004e8d   Thumb Code   282  tim.o(i.MX_TIM1_Init)
    MX_TIM3_Init                             0x08004fb1   Thumb Code    96  tim.o(i.MX_TIM3_Init)
    MX_USART3_UART_Init                      0x08005019   Thumb Code    94  usart.o(i.MX_USART3_UART_Init)
    MX_USB_Device_Init                       0x08005081   Thumb Code    66  usb_device.o(i.MX_USB_Device_Init)
    MemManage_Handler                        0x080050d5   Thumb Code     2  stm32g4xx_it.o(i.MemManage_Handler)
    NMI_Handler                              0x080050d7   Thumb Code     2  stm32g4xx_it.o(i.NMI_Handler)
    PendSV_Handler                           0x0800541b   Thumb Code     2  stm32g4xx_it.o(i.PendSV_Handler)
    SVC_Handler                              0x0800541d   Thumb Code     2  stm32g4xx_it.o(i.SVC_Handler)
    SysTick_Handler                          0x08005429   Thumb Code     4  stm32g4xx_it.o(i.SysTick_Handler)
    SystemClock_Config                       0x0800542d   Thumb Code   108  main.o(i.SystemClock_Config)
    SystemInit                               0x08005499   Thumb Code    12  system_stm32g4xx.o(i.SystemInit)
    TIM1_UP_TIM16_IRQHandler                 0x080054a9   Thumb Code     6  stm32g4xx_it.o(i.TIM1_UP_TIM16_IRQHandler)
    TIM3_IRQHandler                          0x080054b5   Thumb Code     6  stm32g4xx_it.o(i.TIM3_IRQHandler)
    TIM_Base_SetConfig                       0x080054c1   Thumb Code   160  stm32g4xx_hal_tim.o(i.TIM_Base_SetConfig)
    TIM_CCxChannelCmd                        0x0800557d   Thumb Code    26  stm32g4xx_hal_tim.o(i.TIM_CCxChannelCmd)
    TIM_ETR_SetConfig                        0x080055b1   Thumb Code    20  stm32g4xx_hal_tim.o(i.TIM_ETR_SetConfig)
    TIM_OC2_SetConfig                        0x08005675   Thumb Code   120  stm32g4xx_hal_tim.o(i.TIM_OC2_SetConfig)
    UART_AdvFeatureConfig                    0x08005991   Thumb Code   200  stm32g4xx_hal_uart.o(i.UART_AdvFeatureConfig)
    UART_CheckIdleState                      0x08005a59   Thumb Code   172  stm32g4xx_hal_uart.o(i.UART_CheckIdleState)
    UART_SetConfig                           0x08005b69   Thumb Code   582  stm32g4xx_hal_uart.o(i.UART_SetConfig)
    UART_WaitOnFlagUntilTimeout              0x08005ddd   Thumb Code   148  stm32g4xx_hal_uart.o(i.UART_WaitOnFlagUntilTimeout)
    USART3_IRQHandler                        0x08005e71   Thumb Code     6  stm32g4xx_it.o(i.USART3_IRQHandler)
    USBD_CDC_ConfigStrDescriptor             0x08005e7d   Thumb Code    16  usbd_desc.o(i.USBD_CDC_ConfigStrDescriptor)
    USBD_CDC_DeviceDescriptor                0x08005f6d   Thumb Code     8  usbd_desc.o(i.USBD_CDC_DeviceDescriptor)
    USBD_CDC_GetDeviceQualifierDescriptor    0x08005fa9   Thumb Code     8  usbd_cdc.o(i.USBD_CDC_GetDeviceQualifierDescriptor)
    USBD_CDC_InterfaceStrDescriptor          0x0800607d   Thumb Code    16  usbd_desc.o(i.USBD_CDC_InterfaceStrDescriptor)
    USBD_CDC_LangIDStrDescriptor             0x080060a1   Thumb Code     8  usbd_desc.o(i.USBD_CDC_LangIDStrDescriptor)
    USBD_CDC_ManufacturerStrDescriptor       0x080060ad   Thumb Code    16  usbd_desc.o(i.USBD_CDC_ManufacturerStrDescriptor)
    USBD_CDC_ProductStrDescriptor            0x080060d5   Thumb Code    16  usbd_desc.o(i.USBD_CDC_ProductStrDescriptor)
    USBD_CDC_ReceivePacket                   0x08006101   Thumb Code    40  usbd_cdc.o(i.USBD_CDC_ReceivePacket)
    USBD_CDC_RegisterInterface               0x08006129   Thumb Code    14  usbd_cdc.o(i.USBD_CDC_RegisterInterface)
    USBD_CDC_SerialStrDescriptor             0x08006139   Thumb Code    48  usbd_desc.o(i.USBD_CDC_SerialStrDescriptor)
    USBD_CDC_SetRxBuffer                     0x08006171   Thumb Code    18  usbd_cdc.o(i.USBD_CDC_SetRxBuffer)
    USBD_CDC_SetTxBuffer                     0x08006183   Thumb Code    22  usbd_cdc.o(i.USBD_CDC_SetTxBuffer)
    USBD_CDC_TransmitPacket                  0x08006257   Thumb Code    54  usbd_cdc.o(i.USBD_CDC_TransmitPacket)
    USBD_ClrClassConfig                      0x0800628d   Thumb Code    16  usbd_core.o(i.USBD_ClrClassConfig)
    USBD_CtlContinueRx                       0x0800629d   Thumb Code    16  usbd_ioreq.o(i.USBD_CtlContinueRx)
    USBD_CtlContinueSendData                 0x080062ad   Thumb Code    16  usbd_ioreq.o(i.USBD_CtlContinueSendData)
    USBD_CtlError                            0x080062bd   Thumb Code    22  usbd_ctlreq.o(i.USBD_CtlError)
    USBD_CtlPrepareRx                        0x080062d3   Thumb Code    30  usbd_ioreq.o(i.USBD_CtlPrepareRx)
    USBD_CtlReceiveStatus                    0x080062f1   Thumb Code    22  usbd_ioreq.o(i.USBD_CtlReceiveStatus)
    USBD_CtlSendData                         0x08006307   Thumb Code    26  usbd_ioreq.o(i.USBD_CtlSendData)
    USBD_CtlSendStatus                       0x08006321   Thumb Code    22  usbd_ioreq.o(i.USBD_CtlSendStatus)
    USBD_GetString                           0x08006431   Thumb Code    72  usbd_ctlreq.o(i.USBD_GetString)
    USBD_Init                                0x08006491   Thumb Code    38  usbd_core.o(i.USBD_Init)
    USBD_LL_ClearStallEP                     0x080064b7   Thumb Code    18  usbd_conf.o(i.USBD_LL_ClearStallEP)
    USBD_LL_CloseEP                          0x080064c9   Thumb Code    18  usbd_conf.o(i.USBD_LL_CloseEP)
    USBD_LL_DataInStage                      0x080064db   Thumb Code   168  usbd_core.o(i.USBD_LL_DataInStage)
    USBD_LL_DataOutStage                     0x08006583   Thumb Code   108  usbd_core.o(i.USBD_LL_DataOutStage)
    USBD_LL_GetRxDataSize                    0x080065ef   Thumb Code     8  usbd_conf.o(i.USBD_LL_GetRxDataSize)
    USBD_LL_Init                             0x080065f9   Thumb Code   124  usbd_conf.o(i.USBD_LL_Init)
    USBD_LL_IsStallEP                        0x0800667d   Thumb Code    30  usbd_conf.o(i.USBD_LL_IsStallEP)
    USBD_LL_OpenEP                           0x0800669b   Thumb Code    24  usbd_conf.o(i.USBD_LL_OpenEP)
    USBD_LL_PrepareReceive                   0x080066b3   Thumb Code    18  usbd_conf.o(i.USBD_LL_PrepareReceive)
    USBD_LL_Reset                            0x080066c5   Thumb Code    90  usbd_core.o(i.USBD_LL_Reset)
    USBD_LL_Resume                           0x0800671f   Thumb Code    20  usbd_core.o(i.USBD_LL_Resume)
    USBD_LL_SOF                              0x08006733   Thumb Code    32  usbd_core.o(i.USBD_LL_SOF)
    USBD_LL_SetSpeed                         0x08006753   Thumb Code     6  usbd_core.o(i.USBD_LL_SetSpeed)
    USBD_LL_SetUSBAddress                    0x08006759   Thumb Code    18  usbd_conf.o(i.USBD_LL_SetUSBAddress)
    USBD_LL_SetupStage                       0x0800676b   Thumb Code    96  usbd_core.o(i.USBD_LL_SetupStage)
    USBD_LL_StallEP                          0x080067cb   Thumb Code    18  usbd_conf.o(i.USBD_LL_StallEP)
    USBD_LL_Start                            0x080067dd   Thumb Code    18  usbd_conf.o(i.USBD_LL_Start)
    USBD_LL_Suspend                          0x080067ef   Thumb Code    18  usbd_core.o(i.USBD_LL_Suspend)
    USBD_LL_Transmit                         0x08006801   Thumb Code    18  usbd_conf.o(i.USBD_LL_Transmit)
    USBD_ParseSetupRequest                   0x08006813   Thumb Code    44  usbd_ctlreq.o(i.USBD_ParseSetupRequest)
    USBD_RegisterClass                       0x0800683f   Thumb Code    36  usbd_core.o(i.USBD_RegisterClass)
    USBD_SetClassConfig                      0x08006863   Thumb Code    20  usbd_core.o(i.USBD_SetClassConfig)
    USBD_Start                               0x08006935   Thumb Code     4  usbd_core.o(i.USBD_Start)
    USBD_StdDevReq                           0x08006939   Thumb Code   276  usbd_ctlreq.o(i.USBD_StdDevReq)
    USBD_StdEPReq                            0x08006a4d   Thumb Code   320  usbd_ctlreq.o(i.USBD_StdEPReq)
    USBD_StdItfReq                           0x08006b8d   Thumb Code    82  usbd_ctlreq.o(i.USBD_StdItfReq)
    USBD_static_free                         0x08006bdf   Thumb Code     2  usbd_conf.o(i.USBD_static_free)
    USBD_static_malloc                       0x08006be1   Thumb Code     4  usbd_conf.o(i.USBD_static_malloc)
    USB_ActivateEndpoint                     0x08006be9   Thumb Code   874  stm32g4xx_ll_usb.o(i.USB_ActivateEndpoint)
    USB_DeactivateEndpoint                   0x08006f53   Thumb Code   270  stm32g4xx_ll_usb.o(i.USB_DeactivateEndpoint)
    USB_DevConnect                           0x08007061   Thumb Code    14  stm32g4xx_ll_usb.o(i.USB_DevConnect)
    USB_DevInit                              0x0800706f   Thumb Code    18  stm32g4xx_ll_usb.o(i.USB_DevInit)
    USB_DisableGlobalInt                     0x08007081   Thumb Code    16  stm32g4xx_ll_usb.o(i.USB_DisableGlobalInt)
    USB_EPClearStall                         0x08007091   Thumb Code   112  stm32g4xx_ll_usb.o(i.USB_EPClearStall)
    USB_EPSetStall                           0x08007101   Thumb Code    50  stm32g4xx_ll_usb.o(i.USB_EPSetStall)
    USB_EPStartXfer                          0x08007135   Thumb Code   878  stm32g4xx_ll_usb.o(i.USB_EPStartXfer)
    USB_EnableGlobalInt                      0x080074a3   Thumb Code    18  stm32g4xx_ll_usb.o(i.USB_EnableGlobalInt)
    USB_LP_IRQHandler                        0x080074b5   Thumb Code     6  stm32g4xx_it.o(i.USB_LP_IRQHandler)
    USB_ReadInterrupts                       0x080074c1   Thumb Code     6  stm32g4xx_ll_usb.o(i.USB_ReadInterrupts)
    USB_ReadPMA                              0x080074c7   Thumb Code    40  stm32g4xx_ll_usb.o(i.USB_ReadPMA)
    USB_SetDevAddress                        0x080074ef   Thumb Code    12  stm32g4xx_ll_usb.o(i.USB_SetDevAddress)
    USB_WritePMA                             0x080074fd   Thumb Code    38  stm32g4xx_ll_usb.o(i.USB_WritePMA)
    UsageFault_Handler                       0x08007523   Thumb Code     2  stm32g4xx_it.o(i.UsageFault_Handler)
    __ARM_fpclassifyf                        0x08007525   Thumb Code    38  fpclassifyf.o(i.__ARM_fpclassifyf)
    __hardfp_atan2f                          0x0800756d   Thumb Code   502  atan2f.o(i.__hardfp_atan2f)
    __hardfp_cosf                            0x080077bd   Thumb Code   280  cosf.o(i.__hardfp_cosf)
    __hardfp_sinf                            0x0800790d   Thumb Code   344  sinf.o(i.__hardfp_sinf)
    __hardfp_sqrtf                           0x08007a9d   Thumb Code    58  sqrtf.o(i.__hardfp_sqrtf)
    __mathlib_flt_infnan                     0x08007ad7   Thumb Code     6  funder.o(i.__mathlib_flt_infnan)
    __mathlib_flt_infnan2                    0x08007add   Thumb Code     6  funder.o(i.__mathlib_flt_infnan2)
    __mathlib_flt_invalid                    0x08007ae5   Thumb Code    10  funder.o(i.__mathlib_flt_invalid)
    __mathlib_flt_underflow                  0x08007af5   Thumb Code    10  funder.o(i.__mathlib_flt_underflow)
    __mathlib_rredf2                         0x08007b05   Thumb Code   316  rredf.o(i.__mathlib_rredf2)
    foc_get_curr_off                         0x08007c59   Thumb Code   176  foc_drv.o(i.foc_get_curr_off)
    foc_pwm_start                            0x08007d8d   Thumb Code    76  foc_drv.o(i.foc_pwm_start)
    foc_single_shunt_apply_up                0x08007e75   Thumb Code    28  foc_drv.o(i.foc_single_shunt_apply_up)
    foc_single_shunt_init                    0x08007e95   Thumb Code    98  foc_drv.o(i.foc_single_shunt_init)
    foc_single_shunt_schedule_update         0x08007f09   Thumb Code  4560  foc_drv.o(i.foc_single_shunt_schedule_update)
    foc_smo_init                             0x080090d9   Thumb Code   160  foc_drv.o(i.foc_smo_init)
    foc_smo_run                              0x0800918d   Thumb Code   572  foc_drv.o(i.foc_smo_run)
    foc_spd_pi_calc                          0x080093fd   Thumb Code    86  foc_drv.o(i.foc_spd_pi_calc)
    foc_tim1_update_isr                      0x08009455   Thumb Code   800  foc_drv.o(i.foc_tim1_update_isr)
    main                                     0x080097a1   Thumb Code   128  main.o(i.main)
    pmsm_board_init                          0x0800983d   Thumb Code   100  foc_drv.o(i.pmsm_board_init)
    pmsm_init                                0x080098c9   Thumb Code   334  foc_drv.o(i.pmsm_init)
    pmsm_power_on_autostart                  0x08009b35   Thumb Code    64  foc_drv.o(i.pmsm_power_on_autostart)
    vofa_send_data                           0x08009b7d   Thumb Code    44  vofa.o(i.vofa_send_data)
    vofa_sendframetail                       0x08009bb1   Thumb Code    50  vofa.o(i.vofa_sendframetail)
    vofa_start                               0x08009bed   Thumb Code   176  vofa.o(i.vofa_start)
    vofa_transmit                            0x08009ca1   Thumb Code     4  vofa.o(i.vofa_transmit)
    __aeabi_dadd                             0x08009ca5   Thumb Code     0  daddsub_clz.o(x$fpl$dadd)
    _dadd                                    0x08009ca5   Thumb Code   332  daddsub_clz.o(x$fpl$dadd)
    __aeabi_d2iz                             0x08009df5   Thumb Code     0  dfix.o(x$fpl$dfix)
    _dfix                                    0x08009df5   Thumb Code    94  dfix.o(x$fpl$dfix)
    __aeabi_i2d                              0x08009e53   Thumb Code     0  dflt_clz.o(x$fpl$dflt)
    _dflt                                    0x08009e53   Thumb Code    46  dflt_clz.o(x$fpl$dflt)
    __aeabi_dmul                             0x08009e81   Thumb Code     0  dmul.o(x$fpl$dmul)
    _dmul                                    0x08009e81   Thumb Code   332  dmul.o(x$fpl$dmul)
    __fpl_dnaninf                            0x08009fd5   Thumb Code   156  dnaninf.o(x$fpl$dnaninf)
    __fpl_dretinf                            0x0800a071   Thumb Code    12  dretinf.o(x$fpl$dretinf)
    __aeabi_dsub                             0x0800a07d   Thumb Code     0  daddsub_clz.o(x$fpl$dsub)
    _dsub                                    0x0800a07d   Thumb Code   464  daddsub_clz.o(x$fpl$dsub)
    _fp_init                                 0x0800a251   Thumb Code    10  fpinit.o(x$fpl$fpinit)
    __fplib_config_fpu_vfp                   0x0800a259   Thumb Code     0  fpinit.o(x$fpl$fpinit)
    __fplib_config_pureend_doubles           0x0800a259   Thumb Code     0  fpinit.o(x$fpl$fpinit)
    UARTPrescTable                           0x0800a25a   Data          24  stm32g4xx_hal_uart.o(.constdata)
    __I$use$fp                               0x0800a25a   Number         0  usenofp.o(x$fpl$usenofp)
    AHBPrescTable                            0x0800a282   Data          16  system_stm32g4xx.o(.constdata)
    APBPrescTable                            0x0800a292   Data           8  system_stm32g4xx.o(.constdata)
    Region$$Table$$Base                      0x0800a2bc   Number         0  anon$$obj.o(Region$$Table)
    Region$$Table$$Limit                     0x0800a2dc   Number         0  anon$$obj.o(Region$$Table)
    adc2_buff                                0x20000000   Data           8  main.o(.data)
    uwTickPrio                               0x2000000c   Data           4  stm32g4xx_hal.o(.data)
    uwTickFreq                               0x20000010   Data           4  stm32g4xx_hal.o(.data)
    uwTick                                   0x20000014   Data           4  stm32g4xx_hal.o(.data)
    SystemCoreClock                          0x20000018   Data           4  system_stm32g4xx.o(.data)
    cnt                                      0x2000001c   Data           2  vofa.o(.data)
    CDC_Desc                                 0x20000024   Data          32  usbd_desc.o(.data)
    USBD_LangIDDesc                          0x20000044   Data           4  usbd_desc.o(.data)
    USBD_CDC_DeviceDesc                      0x20000048   Data          18  usbd_desc.o(.data)
    USBD_StringSerial                        0x2000005c   Data          26  usbd_desc.o(.data)
    USBD_Interface_fops_FS                   0x20000078   Data          20  usbd_cdc_if.o(.data)
    USBD_CDC                                 0x20000168   Data          56  usbd_cdc.o(.data)
    hadc1                                    0x200001a0   Data         108  adc.o(.bss)
    hadc2                                    0x2000020c   Data         108  adc.o(.bss)
    hdma_adc1                                0x20000278   Data          96  adc.o(.bss)
    hdma_adc2                                0x200002d8   Data          96  adc.o(.bss)
    hfdcan1                                  0x20000338   Data         100  fdcan.o(.bss)
    hspi1                                    0x2000039c   Data         100  spi.o(.bss)
    hspi3                                    0x20000400   Data         100  spi.o(.bss)
    htim1                                    0x20000464   Data          76  tim.o(.bss)
    htim3                                    0x200004b0   Data          76  tim.o(.bss)
    huart3                                   0x200004fc   Data         148  usart.o(.bss)
    hdma_usart3_rx                           0x20000590   Data          96  usart.o(.bss)
    hdma_usart3_tx                           0x200005f0   Data          96  usart.o(.bss)
    pm                                       0x20000650   Data         608  foc_drv.o(.bss)
    send_buf                                 0x200008b0   Data         256  vofa.o(.bss)
    hpcd_USB_FS                              0x20000bd0   Data         732  usbd_conf.o(.bss)
    hUsbDeviceFS                             0x20000eac   Data         720  usb_device.o(.bss)
    USBD_StrDesc                             0x2000117c   Data         512  usbd_desc.o(.bss)
    UserRxBufferFS                           0x2000137c   Data        1024  usbd_cdc_if.o(.bss)
    UserTxBufferFS                           0x2000177c   Data        1024  usbd_cdc_if.o(.bss)
    __libspace_start                         0x20001b7c   Data          96  libspace.o(.bss)
    __temporary_stack_top$libspace           0x20001bdc   Data           0  libspace.o(.bss)



==============================================================================

Memory Map of the image

  Image Entry point : 0x080001d9

  Load Region LR_IROM1 (Base: 0x08000000, Size: 0x0000a47c, Max: 0x00020000, ABSOLUTE, COMPRESSED[0x0000a3a0])

    Execution Region ER_IROM1 (Exec base: 0x08000000, Load base: 0x08000000, Size: 0x0000a2dc, Max: 0x00020000, ABSOLUTE)

    Exec Addr    Load Addr    Size         Type   Attr      Idx    E Section Name        Object

    0x08000000   0x08000000   0x000001d8   Data   RO            3    RESET               startup_stm32g431xx.o
    0x080001d8   0x080001d8   0x00000008   Code   RO         6610  * !!!main             c_w.l(__main.o)
    0x080001e0   0x080001e0   0x00000034   Code   RO         6940    !!!scatter          c_w.l(__scatter.o)
    0x08000214   0x08000214   0x0000005a   Code   RO         6938    !!dczerorl2         c_w.l(__dczerorl2.o)
    0x0800026e   0x0800026e   0x00000002   PAD
    0x08000270   0x08000270   0x0000001c   Code   RO         6942    !!handler_zi        c_w.l(__scatter_zi.o)
    0x0800028c   0x0800028c   0x00000002   Code   RO         6811    .ARM.Collect$$libinit$$00000000  c_w.l(libinit.o)
    0x0800028e   0x0800028e   0x00000004   Code   RO         6820    .ARM.Collect$$libinit$$00000001  c_w.l(libinit2.o)
    0x08000292   0x08000292   0x00000000   Code   RO         6823    .ARM.Collect$$libinit$$00000004  c_w.l(libinit2.o)
    0x08000292   0x08000292   0x00000000   Code   RO         6826    .ARM.Collect$$libinit$$0000000A  c_w.l(libinit2.o)
    0x08000292   0x08000292   0x00000000   Code   RO         6828    .ARM.Collect$$libinit$$0000000C  c_w.l(libinit2.o)
    0x08000292   0x08000292   0x00000000   Code   RO         6830    .ARM.Collect$$libinit$$0000000E  c_w.l(libinit2.o)
    0x08000292   0x08000292   0x00000000   Code   RO         6833    .ARM.Collect$$libinit$$00000011  c_w.l(libinit2.o)
    0x08000292   0x08000292   0x00000000   Code   RO         6835    .ARM.Collect$$libinit$$00000013  c_w.l(libinit2.o)
    0x08000292   0x08000292   0x00000000   Code   RO         6837    .ARM.Collect$$libinit$$00000015  c_w.l(libinit2.o)
    0x08000292   0x08000292   0x00000000   Code   RO         6839    .ARM.Collect$$libinit$$00000017  c_w.l(libinit2.o)
    0x08000292   0x08000292   0x00000000   Code   RO         6841    .ARM.Collect$$libinit$$00000019  c_w.l(libinit2.o)
    0x08000292   0x08000292   0x00000000   Code   RO         6843    .ARM.Collect$$libinit$$0000001B  c_w.l(libinit2.o)
    0x08000292   0x08000292   0x00000000   Code   RO         6845    .ARM.Collect$$libinit$$0000001D  c_w.l(libinit2.o)
    0x08000292   0x08000292   0x00000000   Code   RO         6847    .ARM.Collect$$libinit$$0000001F  c_w.l(libinit2.o)
    0x08000292   0x08000292   0x00000000   Code   RO         6849    .ARM.Collect$$libinit$$00000021  c_w.l(libinit2.o)
    0x08000292   0x08000292   0x00000000   Code   RO         6851    .ARM.Collect$$libinit$$00000023  c_w.l(libinit2.o)
    0x08000292   0x08000292   0x00000000   Code   RO         6853    .ARM.Collect$$libinit$$00000025  c_w.l(libinit2.o)
    0x08000292   0x08000292   0x00000000   Code   RO         6857    .ARM.Collect$$libinit$$0000002C  c_w.l(libinit2.o)
    0x08000292   0x08000292   0x00000000   Code   RO         6859    .ARM.Collect$$libinit$$0000002E  c_w.l(libinit2.o)
    0x08000292   0x08000292   0x00000000   Code   RO         6861    .ARM.Collect$$libinit$$00000030  c_w.l(libinit2.o)
    0x08000292   0x08000292   0x00000000   Code   RO         6863    .ARM.Collect$$libinit$$00000032  c_w.l(libinit2.o)
    0x08000292   0x08000292   0x00000002   Code   RO         6864    .ARM.Collect$$libinit$$00000033  c_w.l(libinit2.o)
    0x08000294   0x08000294   0x00000002   Code   RO         6895    .ARM.Collect$$libshutdown$$00000000  c_w.l(libshutdown.o)
    0x08000296   0x08000296   0x00000000   Code   RO         6921    .ARM.Collect$$libshutdown$$00000002  c_w.l(libshutdown2.o)
    0x08000296   0x08000296   0x00000000   Code   RO         6923    .ARM.Collect$$libshutdown$$00000004  c_w.l(libshutdown2.o)
    0x08000296   0x08000296   0x00000000   Code   RO         6926    .ARM.Collect$$libshutdown$$00000007  c_w.l(libshutdown2.o)
    0x08000296   0x08000296   0x00000000   Code   RO         6929    .ARM.Collect$$libshutdown$$0000000A  c_w.l(libshutdown2.o)
    0x08000296   0x08000296   0x00000000   Code   RO         6931    .ARM.Collect$$libshutdown$$0000000C  c_w.l(libshutdown2.o)
    0x08000296   0x08000296   0x00000000   Code   RO         6934    .ARM.Collect$$libshutdown$$0000000F  c_w.l(libshutdown2.o)
    0x08000296   0x08000296   0x00000002   Code   RO         6935    .ARM.Collect$$libshutdown$$00000010  c_w.l(libshutdown2.o)
    0x08000298   0x08000298   0x00000000   Code   RO         6698    .ARM.Collect$$rtentry$$00000000  c_w.l(__rtentry.o)
    0x08000298   0x08000298   0x00000000   Code   RO         6764    .ARM.Collect$$rtentry$$00000002  c_w.l(__rtentry2.o)
    0x08000298   0x08000298   0x00000006   Code   RO         6776    .ARM.Collect$$rtentry$$00000004  c_w.l(__rtentry4.o)
    0x0800029e   0x0800029e   0x00000000   Code   RO         6766    .ARM.Collect$$rtentry$$00000009  c_w.l(__rtentry2.o)
    0x0800029e   0x0800029e   0x00000004   Code   RO         6767    .ARM.Collect$$rtentry$$0000000A  c_w.l(__rtentry2.o)
    0x080002a2   0x080002a2   0x00000000   Code   RO         6769    .ARM.Collect$$rtentry$$0000000C  c_w.l(__rtentry2.o)
    0x080002a2   0x080002a2   0x00000008   Code   RO         6770    .ARM.Collect$$rtentry$$0000000D  c_w.l(__rtentry2.o)
    0x080002aa   0x080002aa   0x00000002   Code   RO         6812    .ARM.Collect$$rtexit$$00000000  c_w.l(rtexit.o)
    0x080002ac   0x080002ac   0x00000000   Code   RO         6868    .ARM.Collect$$rtexit$$00000002  c_w.l(rtexit2.o)
    0x080002ac   0x080002ac   0x00000004   Code   RO         6869    .ARM.Collect$$rtexit$$00000003  c_w.l(rtexit2.o)
    0x080002b0   0x080002b0   0x00000006   Code   RO         6870    .ARM.Collect$$rtexit$$00000004  c_w.l(rtexit2.o)
    0x080002b6   0x080002b6   0x00000002   PAD
    0x080002b8   0x080002b8   0x00000040   Code   RO            4    .text               startup_stm32g431xx.o
    0x080002f8   0x080002f8   0x000000ee   Code   RO         6604    .text               c_w.l(lludivv7m.o)
    0x080003e6   0x080003e6   0x0000004e   Code   RO         6606    .text               c_w.l(rt_memclr_w.o)
    0x08000434   0x08000434   0x00000006   Code   RO         6608    .text               c_w.l(heapauxi.o)
    0x0800043a   0x0800043a   0x00000016   Code   RO         6703    .text               c_w.l(_rserrno.o)
    0x08000450   0x08000450   0x00000008   Code   RO         6783    .text               c_w.l(rt_errno_addr_intlibspace.o)
    0x08000458   0x08000458   0x00000008   Code   RO         6795    .text               c_w.l(libspace.o)
    0x08000460   0x08000460   0x0000004a   Code   RO         6798    .text               c_w.l(sys_stackheap_outer.o)
    0x080004aa   0x080004aa   0x00000012   Code   RO         6800    .text               c_w.l(exit.o)
    0x080004bc   0x080004bc   0x0000000c   Code   RO         6865    .text               c_w.l(sys_exit.o)
    0x080004c8   0x080004c8   0x00000002   Code   RO         6884    .text               c_w.l(use_no_semi.o)
    0x080004ca   0x080004ca   0x00000000   Code   RO         6886    .text               c_w.l(indicate_semi.o)
    0x080004ca   0x080004ca   0x00000002   PAD
    0x080004cc   0x080004cc   0x0000001c   Code   RO          530    i.ADC1_2_IRQHandler  stm32g4xx_it.o
    0x080004e8   0x080004e8   0x00000068   Code   RO         2637    i.ADC_DMAConvCplt   stm32g4xx_hal_adc.o
    0x08000550   0x08000550   0x0000001a   Code   RO         2638    i.ADC_DMAError      stm32g4xx_hal_adc.o
    0x0800056a   0x0800056a   0x0000000a   Code   RO         2639    i.ADC_DMAHalfConvCplt  stm32g4xx_hal_adc.o
    0x08000574   0x08000574   0x00000070   Code   RO         2640    i.ADC_Disable       stm32g4xx_hal_adc.o
    0x080005e4   0x080005e4   0x000000ac   Code   RO         2641    i.ADC_Enable        stm32g4xx_hal_adc.o
    0x08000690   0x08000690   0x00000002   Code   RO          531    i.BusFault_Handler  stm32g4xx_it.o
    0x08000692   0x08000692   0x00000004   Code   RO         6171    i.CDC_Control_FS    usbd_cdc_if.o
    0x08000696   0x08000696   0x00000004   Code   RO         6172    i.CDC_DeInit_FS     usbd_cdc_if.o
    0x0800069a   0x0800069a   0x00000002   PAD
    0x0800069c   0x0800069c   0x00000024   Code   RO         6173    i.CDC_Init_FS       usbd_cdc_if.o
    0x080006c0   0x080006c0   0x00000018   Code   RO         6174    i.CDC_Receive_FS    usbd_cdc_if.o
    0x080006d8   0x080006d8   0x00000004   Code   RO         6175    i.CDC_TransmitCplt_FS  usbd_cdc_if.o
    0x080006dc   0x080006dc   0x0000002c   Code   RO         6176    i.CDC_Transmit_FS   usbd_cdc_if.o
    0x08000708   0x08000708   0x0000000c   Code   RO          532    i.DMA1_Channel2_IRQHandler  stm32g4xx_it.o
    0x08000714   0x08000714   0x0000000c   Code   RO          533    i.DMA1_Channel3_IRQHandler  stm32g4xx_it.o
    0x08000720   0x08000720   0x0000000c   Code   RO          534    i.DMA1_Channel4_IRQHandler  stm32g4xx_it.o
    0x0800072c   0x0800072c   0x0000000c   Code   RO          535    i.DMA2_Channel1_IRQHandler  stm32g4xx_it.o
    0x08000738   0x08000738   0x00000040   Code   RO         1982    i.DMA_CalcDMAMUXChannelBaseAndMask  stm32g4xx_hal_dma.o
    0x08000778   0x08000778   0x00000024   Code   RO         1983    i.DMA_CalcDMAMUXRequestGenBaseAndMask  stm32g4xx_hal_dma.o
    0x0800079c   0x0800079c   0x0000003e   Code   RO         1984    i.DMA_SetConfig     stm32g4xx_hal_dma.o
    0x080007da   0x080007da   0x00000002   Code   RO          536    i.DebugMon_Handler  stm32g4xx_it.o
    0x080007dc   0x080007dc   0x00000004   Code   RO           13    i.Error_Handler     main.o
    0x080007e0   0x080007e0   0x00000094   Code   RO         2874    i.HAL_ADCEx_Calibration_Start  stm32g4xx_hal_adc_ex.o
    0x08000874   0x08000874   0x00000002   Code   RO         2878    i.HAL_ADCEx_EndOfSamplingCallback  stm32g4xx_hal_adc_ex.o
    0x08000876   0x08000876   0x00000002   PAD
    0x08000878   0x08000878   0x00000518   Code   RO         2880    i.HAL_ADCEx_InjectedConfigChannel  stm32g4xx_hal_adc_ex.o
    0x08000d90   0x08000d90   0x00000034   Code   RO         5599    i.HAL_ADCEx_InjectedConvCpltCallback  foc_ctrl.o
    0x08000dc4   0x08000dc4   0x00000002   Code   RO         2884    i.HAL_ADCEx_InjectedQueueOverflowCallback  stm32g4xx_hal_adc_ex.o
    0x08000dc6   0x08000dc6   0x00000002   PAD
    0x08000dc8   0x08000dc8   0x000000e8   Code   RO         2885    i.HAL_ADCEx_InjectedStart  stm32g4xx_hal_adc_ex.o
    0x08000eb0   0x08000eb0   0x00000128   Code   RO         2886    i.HAL_ADCEx_InjectedStart_IT  stm32g4xx_hal_adc_ex.o
    0x08000fd8   0x08000fd8   0x00000002   Code   RO         2889    i.HAL_ADCEx_LevelOutOfWindow2Callback  stm32g4xx_hal_adc_ex.o
    0x08000fda   0x08000fda   0x00000002   Code   RO         2890    i.HAL_ADCEx_LevelOutOfWindow3Callback  stm32g4xx_hal_adc_ex.o
    0x08000fdc   0x08000fdc   0x000000d8   Code   RO         2891    i.HAL_ADCEx_MultiModeConfigChannel  stm32g4xx_hal_adc_ex.o
    0x080010b4   0x080010b4   0x00000424   Code   RO         2643    i.HAL_ADC_ConfigChannel  stm32g4xx_hal_adc.o
    0x080014d8   0x080014d8   0x00000002   Code   RO         2644    i.HAL_ADC_ConvCpltCallback  stm32g4xx_hal_adc.o
    0x080014da   0x080014da   0x00000002   Code   RO         2645    i.HAL_ADC_ConvHalfCpltCallback  stm32g4xx_hal_adc.o
    0x080014dc   0x080014dc   0x00000002   Code   RO         2647    i.HAL_ADC_ErrorCallback  stm32g4xx_hal_adc.o
    0x080014de   0x080014de   0x00000002   PAD
    0x080014e0   0x080014e0   0x0000026c   Code   RO         2651    i.HAL_ADC_IRQHandler  stm32g4xx_hal_adc.o
    0x0800174c   0x0800174c   0x000001f4   Code   RO         2652    i.HAL_ADC_Init      stm32g4xx_hal_adc.o
    0x08001940   0x08001940   0x00000002   Code   RO         2653    i.HAL_ADC_LevelOutOfWindowCallback  stm32g4xx_hal_adc.o
    0x08001942   0x08001942   0x00000002   PAD
    0x08001944   0x08001944   0x00000194   Code   RO          272    i.HAL_ADC_MspInit   adc.o
    0x08001ad8   0x08001ad8   0x000000f0   Code   RO         2660    i.HAL_ADC_Start_DMA  stm32g4xx_hal_adc.o
    0x08001bc8   0x08001bc8   0x0000006a   Code   RO         1985    i.HAL_DMA_Abort     stm32g4xx_hal_dma.o
    0x08001c32   0x08001c32   0x00000078   Code   RO         1986    i.HAL_DMA_Abort_IT  stm32g4xx_hal_dma.o
    0x08001caa   0x08001caa   0x000000ba   Code   RO         1990    i.HAL_DMA_IRQHandler  stm32g4xx_hal_dma.o
    0x08001d64   0x08001d64   0x000000c0   Code   RO         1991    i.HAL_DMA_Init      stm32g4xx_hal_dma.o
    0x08001e24   0x08001e24   0x0000008c   Code   RO         1995    i.HAL_DMA_Start_IT  stm32g4xx_hal_dma.o
    0x08001eb0   0x08001eb0   0x00000024   Code   RO         1138    i.HAL_Delay         stm32g4xx_hal.o
    0x08001ed4   0x08001ed4   0x00000204   Code   RO         3127    i.HAL_FDCAN_Init    stm32g4xx_hal_fdcan.o
    0x080020d8   0x080020d8   0x00000080   Code   RO          345    i.HAL_FDCAN_MspInit  fdcan.o
    0x08002158   0x08002158   0x00000248   Code   RO         1847    i.HAL_GPIO_Init     stm32g4xx_hal_gpio.o
    0x080023a0   0x080023a0   0x0000000a   Code   RO         1851    i.HAL_GPIO_WritePin  stm32g4xx_hal_gpio.o
    0x080023aa   0x080023aa   0x00000002   PAD
    0x080023ac   0x080023ac   0x0000000c   Code   RO         1142    i.HAL_GetTick       stm32g4xx_hal.o
    0x080023b8   0x080023b8   0x00000010   Code   RO         1148    i.HAL_IncTick       stm32g4xx_hal.o
    0x080023c8   0x080023c8   0x0000001e   Code   RO         1149    i.HAL_Init          stm32g4xx_hal.o
    0x080023e6   0x080023e6   0x00000002   PAD
    0x080023e8   0x080023e8   0x00000044   Code   RO         1150    i.HAL_InitTick      stm32g4xx_hal.o
    0x0800242c   0x0800242c   0x00000030   Code   RO          660    i.HAL_MspInit       stm32g4xx_hal_msp.o
    0x0800245c   0x0800245c   0x0000001a   Code   RO         2496    i.HAL_NVIC_EnableIRQ  stm32g4xx_hal_cortex.o
    0x08002476   0x08002476   0x00000002   PAD
    0x08002478   0x08002478   0x00000040   Code   RO         2502    i.HAL_NVIC_SetPriority  stm32g4xx_hal_cortex.o
    0x080024b8   0x080024b8   0x00000024   Code   RO         2503    i.HAL_NVIC_SetPriorityGrouping  stm32g4xx_hal_cortex.o
    0x080024dc   0x080024dc   0x00000024   Code   RO          916    i.HAL_PCDEx_ActivateLPM  stm32g4xx_hal_pcd_ex.o
    0x08002500   0x08002500   0x00000044   Code   RO         5840    i.HAL_PCDEx_LPM_Callback  usbd_conf.o
    0x08002544   0x08002544   0x0000003c   Code   RO          922    i.HAL_PCDEx_PMAConfig  stm32g4xx_hal_pcd_ex.o
    0x08002580   0x08002580   0x00000012   Code   RO         5842    i.HAL_PCD_DataInStageCallback  usbd_conf.o
    0x08002592   0x08002592   0x00000014   Code   RO         5843    i.HAL_PCD_DataOutStageCallback  usbd_conf.o
    0x080025a6   0x080025a6   0x0000004a   Code   RO          694    i.HAL_PCD_EP_Close  stm32g4xx_hal_pcd.o
    0x080025f0   0x080025f0   0x0000005a   Code   RO          695    i.HAL_PCD_EP_ClrStall  stm32g4xx_hal_pcd.o
    0x0800264a   0x0800264a   0x000000dc   Code   RO          696    i.HAL_PCD_EP_DB_Receive  stm32g4xx_hal_pcd.o
    0x08002726   0x08002726   0x00000380   Code   RO          697    i.HAL_PCD_EP_DB_Transmit  stm32g4xx_hal_pcd.o
    0x08002aa6   0x08002aa6   0x00000012   Code   RO          699    i.HAL_PCD_EP_GetRxCount  stm32g4xx_hal_pcd.o
    0x08002ab8   0x08002ab8   0x0000005c   Code   RO          700    i.HAL_PCD_EP_Open   stm32g4xx_hal_pcd.o
    0x08002b14   0x08002b14   0x0000002e   Code   RO          701    i.HAL_PCD_EP_Receive  stm32g4xx_hal_pcd.o
    0x08002b42   0x08002b42   0x0000005e   Code   RO          702    i.HAL_PCD_EP_SetStall  stm32g4xx_hal_pcd.o
    0x08002ba0   0x08002ba0   0x0000002e   Code   RO          703    i.HAL_PCD_EP_Transmit  stm32g4xx_hal_pcd.o
    0x08002bce   0x08002bce   0x0000014a   Code   RO          705    i.HAL_PCD_IRQHandler  stm32g4xx_hal_pcd.o
    0x08002d18   0x08002d18   0x0000009c   Code   RO          708    i.HAL_PCD_Init      stm32g4xx_hal_pcd.o
    0x08002db4   0x08002db4   0x00000058   Code   RO         5848    i.HAL_PCD_MspInit   usbd_conf.o
    0x08002e0c   0x08002e0c   0x00000026   Code   RO         5849    i.HAL_PCD_ResetCallback  usbd_conf.o
    0x08002e32   0x08002e32   0x00000002   PAD
    0x08002e34   0x08002e34   0x00000028   Code   RO         5850    i.HAL_PCD_ResumeCallback  usbd_conf.o
    0x08002e5c   0x08002e5c   0x00000008   Code   RO         5851    i.HAL_PCD_SOFCallback  usbd_conf.o
    0x08002e64   0x08002e64   0x00000026   Code   RO          714    i.HAL_PCD_SetAddress  stm32g4xx_hal_pcd.o
    0x08002e8a   0x08002e8a   0x0000000e   Code   RO         5852    i.HAL_PCD_SetupStageCallback  usbd_conf.o
    0x08002e98   0x08002e98   0x0000002a   Code   RO          716    i.HAL_PCD_Start     stm32g4xx_hal_pcd.o
    0x08002ec2   0x08002ec2   0x00000002   PAD
    0x08002ec4   0x08002ec4   0x00000024   Code   RO         5853    i.HAL_PCD_SuspendCallback  usbd_conf.o
    0x08002ee8   0x08002ee8   0x000000bc   Code   RO         2250    i.HAL_PWREx_ControlVoltageScaling  stm32g4xx_hal_pwr_ex.o
    0x08002fa4   0x08002fa4   0x00000010   Code   RO         2262    i.HAL_PWREx_DisableUCPDDeadBattery  stm32g4xx_hal_pwr_ex.o
    0x08002fb4   0x08002fb4   0x00000288   Code   RO         1509    i.HAL_RCCEx_PeriphCLKConfig  stm32g4xx_hal_rcc_ex.o
    0x0800323c   0x0800323c   0x000001dc   Code   RO         1384    i.HAL_RCC_ClockConfig  stm32g4xx_hal_rcc.o
    0x08003418   0x08003418   0x00000024   Code   RO         1392    i.HAL_RCC_GetPCLK1Freq  stm32g4xx_hal_rcc.o
    0x0800343c   0x0800343c   0x00000024   Code   RO         1393    i.HAL_RCC_GetPCLK2Freq  stm32g4xx_hal_rcc.o
    0x08003460   0x08003460   0x0000006c   Code   RO         1394    i.HAL_RCC_GetSysClockFreq  stm32g4xx_hal_rcc.o
    0x080034cc   0x080034cc   0x00000404   Code   RO         1397    i.HAL_RCC_OscConfig  stm32g4xx_hal_rcc.o
    0x080038d0   0x080038d0   0x000000ea   Code   RO         3479    i.HAL_SPI_Init      stm32g4xx_hal_spi.o
    0x080039ba   0x080039ba   0x00000002   PAD
    0x080039bc   0x080039bc   0x000000a8   Code   RO          387    i.HAL_SPI_MspInit   spi.o
    0x08003a64   0x08003a64   0x00000028   Code   RO         2507    i.HAL_SYSTICK_Config  stm32g4xx_hal_cortex.o
    0x08003a8c   0x08003a8c   0x00000002   Code   RO         4535    i.HAL_TIMEx_Break2Callback  stm32g4xx_hal_tim_ex.o
    0x08003a8e   0x08003a8e   0x00000002   Code   RO         4536    i.HAL_TIMEx_BreakCallback  stm32g4xx_hal_tim_ex.o
    0x08003a90   0x08003a90   0x00000002   Code   RO         4537    i.HAL_TIMEx_CommutCallback  stm32g4xx_hal_tim_ex.o
    0x08003a92   0x08003a92   0x00000002   PAD
    0x08003a94   0x08003a94   0x0000009c   Code   RO         4540    i.HAL_TIMEx_ConfigBreakDeadTime  stm32g4xx_hal_tim_ex.o
    0x08003b30   0x08003b30   0x00000002   Code   RO         4548    i.HAL_TIMEx_DirectionChangeCallback  stm32g4xx_hal_tim_ex.o
    0x08003b32   0x08003b32   0x00000002   Code   RO         4562    i.HAL_TIMEx_EncoderIndexCallback  stm32g4xx_hal_tim_ex.o
    0x08003b34   0x08003b34   0x00000002   Code   RO         4576    i.HAL_TIMEx_IndexErrorCallback  stm32g4xx_hal_tim_ex.o
    0x08003b36   0x08003b36   0x00000002   PAD
    0x08003b38   0x08003b38   0x0000009c   Code   RO         4577    i.HAL_TIMEx_MasterConfigSynchronization  stm32g4xx_hal_tim_ex.o
    0x08003bd4   0x08003bd4   0x000000b8   Code   RO         4589    i.HAL_TIMEx_PWMN_Start  stm32g4xx_hal_tim_ex.o
    0x08003c8c   0x08003c8c   0x00000002   Code   RO         4598    i.HAL_TIMEx_TransitionErrorCallback  stm32g4xx_hal_tim_ex.o
    0x08003c8e   0x08003c8e   0x00000062   Code   RO         3821    i.HAL_TIM_Base_Init  stm32g4xx_hal_tim.o
    0x08003cf0   0x08003cf0   0x00000064   Code   RO          435    i.HAL_TIM_Base_MspInit  tim.o
    0x08003d54   0x08003d54   0x00000078   Code   RO         3826    i.HAL_TIM_Base_Start_IT  stm32g4xx_hal_tim.o
    0x08003dcc   0x08003dcc   0x00000100   Code   RO         3830    i.HAL_TIM_ConfigClockSource  stm32g4xx_hal_tim.o
    0x08003ecc   0x08003ecc   0x00000002   Code   RO         3855    i.HAL_TIM_IC_CaptureCallback  stm32g4xx_hal_tim.o
    0x08003ece   0x08003ece   0x000001a2   Code   RO         3869    i.HAL_TIM_IRQHandler  stm32g4xx_hal_tim.o
    0x08004070   0x08004070   0x00000094   Code   RO          436    i.HAL_TIM_MspPostInit  tim.o
    0x08004104   0x08004104   0x00000002   Code   RO         3872    i.HAL_TIM_OC_DelayElapsedCallback  stm32g4xx_hal_tim.o
    0x08004106   0x08004106   0x00000124   Code   RO         3893    i.HAL_TIM_PWM_ConfigChannel  stm32g4xx_hal_tim.o
    0x0800422a   0x0800422a   0x00000062   Code   RO         3896    i.HAL_TIM_PWM_Init  stm32g4xx_hal_tim.o
    0x0800428c   0x0800428c   0x00000002   Code   RO         3898    i.HAL_TIM_PWM_MspInit  stm32g4xx_hal_tim.o
    0x0800428e   0x0800428e   0x00000002   Code   RO         3899    i.HAL_TIM_PWM_PulseFinishedCallback  stm32g4xx_hal_tim.o
    0x08004290   0x08004290   0x000000fc   Code   RO         3901    i.HAL_TIM_PWM_Start  stm32g4xx_hal_tim.o
    0x0800438c   0x0800438c   0x00000038   Code   RO         5600    i.HAL_TIM_PeriodElapsedCallback  foc_ctrl.o
    0x080043c4   0x080043c4   0x00000002   Code   RO         3912    i.HAL_TIM_TriggerCallback  stm32g4xx_hal_tim.o
    0x080043c6   0x080043c6   0x0000003e   Code   RO         5384    i.HAL_UARTEx_DisableFifoMode  stm32g4xx_hal_uart_ex.o
    0x08004404   0x08004404   0x00000002   Code   RO         4973    i.HAL_UARTEx_RxEventCallback  stm32g4xx_hal_uart.o
    0x08004406   0x08004406   0x00000002   Code   RO         5392    i.HAL_UARTEx_RxFifoFullCallback  stm32g4xx_hal_uart_ex.o
    0x08004408   0x08004408   0x0000004c   Code   RO         5393    i.HAL_UARTEx_SetRxFifoThreshold  stm32g4xx_hal_uart_ex.o
    0x08004454   0x08004454   0x0000004c   Code   RO         5394    i.HAL_UARTEx_SetTxFifoThreshold  stm32g4xx_hal_uart_ex.o
    0x080044a0   0x080044a0   0x00000002   Code   RO         5396    i.HAL_UARTEx_TxFifoEmptyCallback  stm32g4xx_hal_uart_ex.o
    0x080044a2   0x080044a2   0x00000002   Code   RO         5397    i.HAL_UARTEx_WakeupCallback  stm32g4xx_hal_uart_ex.o
    0x080044a4   0x080044a4   0x00000002   Code   RO         4989    i.HAL_UART_ErrorCallback  stm32g4xx_hal_uart.o
    0x080044a6   0x080044a6   0x00000002   PAD
    0x080044a8   0x080044a8   0x0000031c   Code   RO         4992    i.HAL_UART_IRQHandler  stm32g4xx_hal_uart.o
    0x080047c4   0x080047c4   0x0000006a   Code   RO         4993    i.HAL_UART_Init     stm32g4xx_hal_uart.o
    0x0800482e   0x0800482e   0x00000002   PAD
    0x08004830   0x08004830   0x000000f4   Code   RO          489    i.HAL_UART_MspInit  usart.o
    0x08004924   0x08004924   0x00000002   Code   RO         5005    i.HAL_UART_TxCpltCallback  stm32g4xx_hal_uart.o
    0x08004926   0x08004926   0x00000002   Code   RO          537    i.HardFault_Handler  stm32g4xx_it.o
    0x08004928   0x08004928   0x00000038   Code   RO         6094    i.IntToUnicode      usbd_desc.o
    0x08004960   0x08004960   0x0000000c   Code   RO         2666    i.LL_ADC_GetOffsetChannel  stm32g4xx_hal_adc.o
    0x0800496c   0x0800496c   0x0000000c   Code   RO         2899    i.LL_ADC_GetOffsetChannel  stm32g4xx_hal_adc_ex.o
    0x08004978   0x08004978   0x00000008   Code   RO         2667    i.LL_ADC_INJ_IsConversionOngoing  stm32g4xx_hal_adc.o
    0x08004980   0x08004980   0x00000008   Code   RO         2900    i.LL_ADC_INJ_IsConversionOngoing  stm32g4xx_hal_adc_ex.o
    0x08004988   0x08004988   0x00000008   Code   RO         2668    i.LL_ADC_REG_IsConversionOngoing  stm32g4xx_hal_adc.o
    0x08004990   0x08004990   0x00000008   Code   RO         2901    i.LL_ADC_REG_IsConversionOngoing  stm32g4xx_hal_adc_ex.o
    0x08004998   0x08004998   0x00000010   Code   RO         2669    i.LL_ADC_REG_IsTriggerSourceSWStart  stm32g4xx_hal_adc.o
    0x080049a8   0x080049a8   0x0000001e   Code   RO         2671    i.LL_ADC_SetChannelSamplingTime  stm32g4xx_hal_adc.o
    0x080049c6   0x080049c6   0x0000001e   Code   RO         2902    i.LL_ADC_SetChannelSamplingTime  stm32g4xx_hal_adc_ex.o
    0x080049e4   0x080049e4   0x00000010   Code   RO         2672    i.LL_ADC_SetOffsetState  stm32g4xx_hal_adc.o
    0x080049f4   0x080049f4   0x00000010   Code   RO         2903    i.LL_ADC_SetOffsetState  stm32g4xx_hal_adc_ex.o
    0x08004a04   0x08004a04   0x000000c0   Code   RO          273    i.MX_ADC1_Init      adc.o
    0x08004ac4   0x08004ac4   0x00000118   Code   RO          274    i.MX_ADC2_Init      adc.o
    0x08004bdc   0x08004bdc   0x0000007c   Code   RO          320    i.MX_DMA_Init       dma.o
    0x08004c58   0x08004c58   0x00000058   Code   RO          346    i.MX_FDCAN1_Init    fdcan.o
    0x08004cb0   0x08004cb0   0x0000013c   Code   RO          247    i.MX_GPIO_Init      gpio.o
    0x08004dec   0x08004dec   0x00000050   Code   RO          388    i.MX_SPI1_Init      spi.o
    0x08004e3c   0x08004e3c   0x00000050   Code   RO          389    i.MX_SPI3_Init      spi.o
    0x08004e8c   0x08004e8c   0x00000124   Code   RO          437    i.MX_TIM1_Init      tim.o
    0x08004fb0   0x08004fb0   0x00000068   Code   RO          438    i.MX_TIM3_Init      tim.o
    0x08005018   0x08005018   0x00000068   Code   RO          490    i.MX_USART3_UART_Init  usart.o
    0x08005080   0x08005080   0x00000054   Code   RO         6056    i.MX_USB_Device_Init  usb_device.o
    0x080050d4   0x080050d4   0x00000002   Code   RO          538    i.MemManage_Handler  stm32g4xx_it.o
    0x080050d6   0x080050d6   0x00000002   Code   RO          539    i.NMI_Handler       stm32g4xx_it.o
    0x080050d8   0x080050d8   0x00000342   Code   RO          719    i.PCD_EP_ISR_Handler  stm32g4xx_hal_pcd.o
    0x0800541a   0x0800541a   0x00000002   Code   RO          540    i.PendSV_Handler    stm32g4xx_it.o
    0x0800541c   0x0800541c   0x00000002   Code   RO          541    i.SVC_Handler       stm32g4xx_it.o
    0x0800541e   0x0800541e   0x0000000a   Code   RO         6366    i.SWAPBYTE          usbd_ctlreq.o
    0x08005428   0x08005428   0x00000004   Code   RO          542    i.SysTick_Handler   stm32g4xx_it.o
    0x0800542c   0x0800542c   0x0000006c   Code   RO           14    i.SystemClock_Config  main.o
    0x08005498   0x08005498   0x00000010   Code   RO         5503    i.SystemInit        system_stm32g4xx.o
    0x080054a8   0x080054a8   0x0000000c   Code   RO          543    i.TIM1_UP_TIM16_IRQHandler  stm32g4xx_it.o
    0x080054b4   0x080054b4   0x0000000c   Code   RO          544    i.TIM3_IRQHandler   stm32g4xx_it.o
    0x080054c0   0x080054c0   0x000000bc   Code   RO         3914    i.TIM_Base_SetConfig  stm32g4xx_hal_tim.o
    0x0800557c   0x0800557c   0x0000001a   Code   RO         3915    i.TIM_CCxChannelCmd  stm32g4xx_hal_tim.o
    0x08005596   0x08005596   0x0000001a   Code   RO         4601    i.TIM_CCxNChannelCmd  stm32g4xx_hal_tim_ex.o
    0x080055b0   0x080055b0   0x00000014   Code   RO         3925    i.TIM_ETR_SetConfig  stm32g4xx_hal_tim.o
    0x080055c4   0x080055c4   0x00000014   Code   RO         3926    i.TIM_ITRx_SetConfig  stm32g4xx_hal_tim.o
    0x080055d8   0x080055d8   0x0000009c   Code   RO         3927    i.TIM_OC1_SetConfig  stm32g4xx_hal_tim.o
    0x08005674   0x08005674   0x00000090   Code   RO         3928    i.TIM_OC2_SetConfig  stm32g4xx_hal_tim.o
    0x08005704   0x08005704   0x00000090   Code   RO         3929    i.TIM_OC3_SetConfig  stm32g4xx_hal_tim.o
    0x08005794   0x08005794   0x00000090   Code   RO         3930    i.TIM_OC4_SetConfig  stm32g4xx_hal_tim.o
    0x08005824   0x08005824   0x00000070   Code   RO         3931    i.TIM_OC5_SetConfig  stm32g4xx_hal_tim.o
    0x08005894   0x08005894   0x00000070   Code   RO         3932    i.TIM_OC6_SetConfig  stm32g4xx_hal_tim.o
    0x08005904   0x08005904   0x00000022   Code   RO         3934    i.TIM_TI1_ConfigInputStage  stm32g4xx_hal_tim.o
    0x08005926   0x08005926   0x00000024   Code   RO         3936    i.TIM_TI2_ConfigInputStage  stm32g4xx_hal_tim.o
    0x0800594a   0x0800594a   0x00000002   PAD
    0x0800594c   0x0800594c   0x00000044   Code   RO         5398    i.UARTEx_SetNbDataToProcess  stm32g4xx_hal_uart_ex.o
    0x08005990   0x08005990   0x000000c8   Code   RO         5007    i.UART_AdvFeatureConfig  stm32g4xx_hal_uart.o
    0x08005a58   0x08005a58   0x000000ac   Code   RO         5008    i.UART_CheckIdleState  stm32g4xx_hal_uart.o
    0x08005b04   0x08005b04   0x00000010   Code   RO         5009    i.UART_DMAAbortOnError  stm32g4xx_hal_uart.o
    0x08005b14   0x08005b14   0x00000054   Code   RO         5019    i.UART_EndRxTransfer  stm32g4xx_hal_uart.o
    0x08005b68   0x08005b68   0x00000274   Code   RO         5025    i.UART_SetConfig    stm32g4xx_hal_uart.o
    0x08005ddc   0x08005ddc   0x00000094   Code   RO         5032    i.UART_WaitOnFlagUntilTimeout  stm32g4xx_hal_uart.o
    0x08005e70   0x08005e70   0x0000000c   Code   RO          545    i.USART3_IRQHandler  stm32g4xx_it.o
    0x08005e7c   0x08005e7c   0x00000020   Code   RO         6095    i.USBD_CDC_ConfigStrDescriptor  usbd_desc.o
    0x08005e9c   0x08005e9c   0x0000005e   Code   RO         6499    i.USBD_CDC_DataIn   usbd_cdc.o
    0x08005efa   0x08005efa   0x0000002a   Code   RO         6500    i.USBD_CDC_DataOut  usbd_cdc.o
    0x08005f24   0x08005f24   0x00000048   Code   RO         6501    i.USBD_CDC_DeInit   usbd_cdc.o
    0x08005f6c   0x08005f6c   0x0000000c   Code   RO         6096    i.USBD_CDC_DeviceDescriptor  usbd_desc.o
    0x08005f78   0x08005f78   0x0000002e   Code   RO         6502    i.USBD_CDC_EP0_RxReady  usbd_cdc.o
    0x08005fa6   0x08005fa6   0x00000002   PAD
    0x08005fa8   0x08005fa8   0x0000000c   Code   RO         6503    i.USBD_CDC_GetDeviceQualifierDescriptor  usbd_cdc.o
    0x08005fb4   0x08005fb4   0x0000000c   Code   RO         6504    i.USBD_CDC_GetFSCfgDesc  usbd_cdc.o
    0x08005fc0   0x08005fc0   0x0000000c   Code   RO         6505    i.USBD_CDC_GetHSCfgDesc  usbd_cdc.o
    0x08005fcc   0x08005fcc   0x0000000c   Code   RO         6506    i.USBD_CDC_GetOtherSpeedCfgDesc  usbd_cdc.o
    0x08005fd8   0x08005fd8   0x000000a2   Code   RO         6507    i.USBD_CDC_Init     usbd_cdc.o
    0x0800607a   0x0800607a   0x00000002   PAD
    0x0800607c   0x0800607c   0x00000024   Code   RO         6097    i.USBD_CDC_InterfaceStrDescriptor  usbd_desc.o
    0x080060a0   0x080060a0   0x0000000c   Code   RO         6098    i.USBD_CDC_LangIDStrDescriptor  usbd_desc.o
    0x080060ac   0x080060ac   0x00000028   Code   RO         6099    i.USBD_CDC_ManufacturerStrDescriptor  usbd_desc.o
    0x080060d4   0x080060d4   0x0000002c   Code   RO         6100    i.USBD_CDC_ProductStrDescriptor  usbd_desc.o
    0x08006100   0x08006100   0x00000028   Code   RO         6508    i.USBD_CDC_ReceivePacket  usbd_cdc.o
    0x08006128   0x08006128   0x0000000e   Code   RO         6509    i.USBD_CDC_RegisterInterface  usbd_cdc.o
    0x08006136   0x08006136   0x00000002   PAD
    0x08006138   0x08006138   0x00000038   Code   RO         6101    i.USBD_CDC_SerialStrDescriptor  usbd_desc.o
    0x08006170   0x08006170   0x00000012   Code   RO         6510    i.USBD_CDC_SetRxBuffer  usbd_cdc.o
    0x08006182   0x08006182   0x00000016   Code   RO         6511    i.USBD_CDC_SetTxBuffer  usbd_cdc.o
    0x08006198   0x08006198   0x000000be   Code   RO         6512    i.USBD_CDC_Setup    usbd_cdc.o
    0x08006256   0x08006256   0x00000036   Code   RO         6513    i.USBD_CDC_TransmitPacket  usbd_cdc.o
    0x0800628c   0x0800628c   0x00000010   Code   RO         6228    i.USBD_ClrClassConfig  usbd_core.o
    0x0800629c   0x0800629c   0x00000010   Code   RO         6439    i.USBD_CtlContinueRx  usbd_ioreq.o
    0x080062ac   0x080062ac   0x00000010   Code   RO         6440    i.USBD_CtlContinueSendData  usbd_ioreq.o
    0x080062bc   0x080062bc   0x00000016   Code   RO         6367    i.USBD_CtlError     usbd_ctlreq.o
    0x080062d2   0x080062d2   0x0000001e   Code   RO         6441    i.USBD_CtlPrepareRx  usbd_ioreq.o
    0x080062f0   0x080062f0   0x00000016   Code   RO         6442    i.USBD_CtlReceiveStatus  usbd_ioreq.o
    0x08006306   0x08006306   0x0000001a   Code   RO         6443    i.USBD_CtlSendData  usbd_ioreq.o
    0x08006320   0x08006320   0x00000016   Code   RO         6444    i.USBD_CtlSendStatus  usbd_ioreq.o
    0x08006336   0x08006336   0x000000fa   Code   RO         6368    i.USBD_GetDescriptor  usbd_ctlreq.o
    0x08006430   0x08006430   0x00000048   Code   RO         6369    i.USBD_GetString    usbd_ctlreq.o
    0x08006478   0x08006478   0x00000018   Code   RO         5854    i.USBD_Get_USB_Status  usbd_conf.o
    0x08006490   0x08006490   0x00000026   Code   RO         6230    i.USBD_Init         usbd_core.o
    0x080064b6   0x080064b6   0x00000012   Code   RO         5855    i.USBD_LL_ClearStallEP  usbd_conf.o
    0x080064c8   0x080064c8   0x00000012   Code   RO         5856    i.USBD_LL_CloseEP   usbd_conf.o
    0x080064da   0x080064da   0x000000a8   Code   RO         6231    i.USBD_LL_DataInStage  usbd_core.o
    0x08006582   0x08006582   0x0000006c   Code   RO         6232    i.USBD_LL_DataOutStage  usbd_core.o
    0x080065ee   0x080065ee   0x00000008   Code   RO         5860    i.USBD_LL_GetRxDataSize  usbd_conf.o
    0x080065f6   0x080065f6   0x00000002   PAD
    0x080065f8   0x080065f8   0x00000084   Code   RO         5861    i.USBD_LL_Init      usbd_conf.o
    0x0800667c   0x0800667c   0x0000001e   Code   RO         5862    i.USBD_LL_IsStallEP  usbd_conf.o
    0x0800669a   0x0800669a   0x00000018   Code   RO         5863    i.USBD_LL_OpenEP    usbd_conf.o
    0x080066b2   0x080066b2   0x00000012   Code   RO         5864    i.USBD_LL_PrepareReceive  usbd_conf.o
    0x080066c4   0x080066c4   0x0000005a   Code   RO         6237    i.USBD_LL_Reset     usbd_core.o
    0x0800671e   0x0800671e   0x00000014   Code   RO         6238    i.USBD_LL_Resume    usbd_core.o
    0x08006732   0x08006732   0x00000020   Code   RO         6239    i.USBD_LL_SOF       usbd_core.o
    0x08006752   0x08006752   0x00000006   Code   RO         6240    i.USBD_LL_SetSpeed  usbd_core.o
    0x08006758   0x08006758   0x00000012   Code   RO         5865    i.USBD_LL_SetUSBAddress  usbd_conf.o
    0x0800676a   0x0800676a   0x00000060   Code   RO         6241    i.USBD_LL_SetupStage  usbd_core.o
    0x080067ca   0x080067ca   0x00000012   Code   RO         5866    i.USBD_LL_StallEP   usbd_conf.o
    0x080067dc   0x080067dc   0x00000012   Code   RO         5867    i.USBD_LL_Start     usbd_conf.o
    0x080067ee   0x080067ee   0x00000012   Code   RO         6242    i.USBD_LL_Suspend   usbd_core.o
    0x08006800   0x08006800   0x00000012   Code   RO         5869    i.USBD_LL_Transmit  usbd_conf.o
    0x08006812   0x08006812   0x0000002c   Code   RO         6370    i.USBD_ParseSetupRequest  usbd_ctlreq.o
    0x0800683e   0x0800683e   0x00000024   Code   RO         6243    i.USBD_RegisterClass  usbd_core.o
    0x08006862   0x08006862   0x00000014   Code   RO         6245    i.USBD_SetClassConfig  usbd_core.o
    0x08006876   0x08006876   0x00000002   PAD
    0x08006878   0x08006878   0x000000bc   Code   RO         6371    i.USBD_SetConfig    usbd_ctlreq.o
    0x08006934   0x08006934   0x00000004   Code   RO         6246    i.USBD_Start        usbd_core.o
    0x08006938   0x08006938   0x00000114   Code   RO         6372    i.USBD_StdDevReq    usbd_ctlreq.o
    0x08006a4c   0x08006a4c   0x00000140   Code   RO         6373    i.USBD_StdEPReq     usbd_ctlreq.o
    0x08006b8c   0x08006b8c   0x00000052   Code   RO         6374    i.USBD_StdItfReq    usbd_ctlreq.o
    0x08006bde   0x08006bde   0x00000002   Code   RO         5870    i.USBD_static_free  usbd_conf.o
    0x08006be0   0x08006be0   0x00000008   Code   RO         5871    i.USBD_static_malloc  usbd_conf.o
    0x08006be8   0x08006be8   0x0000036a   Code   RO          981    i.USB_ActivateEndpoint  stm32g4xx_ll_usb.o
    0x08006f52   0x08006f52   0x0000010e   Code   RO          985    i.USB_DeactivateEndpoint  stm32g4xx_ll_usb.o
    0x08007060   0x08007060   0x0000000e   Code   RO          986    i.USB_DevConnect    stm32g4xx_ll_usb.o
    0x0800706e   0x0800706e   0x00000012   Code   RO          988    i.USB_DevInit       stm32g4xx_ll_usb.o
    0x08007080   0x08007080   0x00000010   Code   RO          989    i.USB_DisableGlobalInt  stm32g4xx_ll_usb.o
    0x08007090   0x08007090   0x00000070   Code   RO          990    i.USB_EPClearStall  stm32g4xx_ll_usb.o
    0x08007100   0x08007100   0x00000032   Code   RO          991    i.USB_EPSetStall    stm32g4xx_ll_usb.o
    0x08007132   0x08007132   0x00000002   PAD
    0x08007134   0x08007134   0x0000036e   Code   RO          992    i.USB_EPStartXfer   stm32g4xx_ll_usb.o
    0x080074a2   0x080074a2   0x00000012   Code   RO          994    i.USB_EnableGlobalInt  stm32g4xx_ll_usb.o
    0x080074b4   0x080074b4   0x0000000c   Code   RO          546    i.USB_LP_IRQHandler  stm32g4xx_it.o
    0x080074c0   0x080074c0   0x00000006   Code   RO          997    i.USB_ReadInterrupts  stm32g4xx_ll_usb.o
    0x080074c6   0x080074c6   0x00000028   Code   RO          998    i.USB_ReadPMA       stm32g4xx_ll_usb.o
    0x080074ee   0x080074ee   0x0000000c   Code   RO         1000    i.USB_SetDevAddress  stm32g4xx_ll_usb.o
    0x080074fa   0x080074fa   0x00000002   PAD
    0x080074fc   0x080074fc   0x00000026   Code   RO         1002    i.USB_WritePMA      stm32g4xx_ll_usb.o
    0x08007522   0x08007522   0x00000002   Code   RO          547    i.UsageFault_Handler  stm32g4xx_it.o
    0x08007524   0x08007524   0x00000026   Code   RO         6733    i.__ARM_fpclassifyf  m_wm.l(fpclassifyf.o)
    0x0800754a   0x0800754a   0x00000020   Code   RO         2509    i.__NVIC_SetPriority  stm32g4xx_hal_cortex.o
    0x0800756a   0x0800756a   0x00000002   PAD
    0x0800756c   0x0800756c   0x00000250   Code   RO         6638    i.__hardfp_atan2f   m_wm.l(atan2f.o)
    0x080077bc   0x080077bc   0x00000150   Code   RO         6650    i.__hardfp_cosf     m_wm.l(cosf.o)
    0x0800790c   0x0800790c   0x00000190   Code   RO         6674    i.__hardfp_sinf     m_wm.l(sinf.o)
    0x08007a9c   0x08007a9c   0x0000003a   Code   RO         6686    i.__hardfp_sqrtf    m_wm.l(sqrtf.o)
    0x08007ad6   0x08007ad6   0x00000006   Code   RO         6736    i.__mathlib_flt_infnan  m_wm.l(funder.o)
    0x08007adc   0x08007adc   0x00000006   Code   RO         6737    i.__mathlib_flt_infnan2  m_wm.l(funder.o)
    0x08007ae2   0x08007ae2   0x00000002   PAD
    0x08007ae4   0x08007ae4   0x00000010   Code   RO         6738    i.__mathlib_flt_invalid  m_wm.l(funder.o)
    0x08007af4   0x08007af4   0x00000010   Code   RO         6741    i.__mathlib_flt_underflow  m_wm.l(funder.o)
    0x08007b04   0x08007b04   0x00000154   Code   RO         6754    i.__mathlib_rredf2  m_wm.l(rredf.o)
    0x08007c58   0x08007c58   0x000000bc   Code   RO         5629    i.foc_get_curr_off  foc_drv.o
    0x08007d14   0x08007d14   0x00000076   Code   RO         5631    i.foc_pi_run        foc_drv.o
    0x08007d8a   0x08007d8a   0x00000002   PAD
    0x08007d8c   0x08007d8c   0x00000054   Code   RO         5634    i.foc_pwm_start     foc_drv.o
    0x08007de0   0x08007de0   0x00000094   Code   RO         5636    i.foc_reconstruct_current  foc_drv.o
    0x08007e74   0x08007e74   0x00000020   Code   RO         5638    i.foc_single_shunt_apply_up  foc_drv.o
    0x08007e94   0x08007e94   0x00000074   Code   RO         5639    i.foc_single_shunt_init  foc_drv.o
    0x08007f08   0x08007f08   0x000011d0   Code   RO         5640    i.foc_single_shunt_schedule_update  foc_drv.o
    0x080090d8   0x080090d8   0x000000b4   Code   RO         5641    i.foc_smo_init      foc_drv.o
    0x0800918c   0x0800918c   0x00000270   Code   RO         5642    i.foc_smo_run       foc_drv.o
    0x080093fc   0x080093fc   0x00000056   Code   RO         5643    i.foc_spd_pi_calc   foc_drv.o
    0x08009452   0x08009452   0x00000002   PAD
    0x08009454   0x08009454   0x0000034c   Code   RO         5644    i.foc_tim1_update_isr  foc_drv.o
    0x080097a0   0x080097a0   0x0000009c   Code   RO           15    i.main              main.o
    0x0800983c   0x0800983c   0x0000008c   Code   RO         5645    i.pmsm_board_init   foc_drv.o
    0x080098c8   0x080098c8   0x00000184   Code   RO         5646    i.pmsm_init         foc_drv.o
    0x08009a4c   0x08009a4c   0x000000e8   Code   RO         5647    i.pmsm_motor_init   foc_drv.o
    0x08009b34   0x08009b34   0x00000048   Code   RO         5648    i.pmsm_power_on_autostart  foc_drv.o
    0x08009b7c   0x08009b7c   0x00000034   Code   RO         5771    i.vofa_send_data    vofa.o
    0x08009bb0   0x08009bb0   0x0000003c   Code   RO         5772    i.vofa_sendframetail  vofa.o
    0x08009bec   0x08009bec   0x000000b4   Code   RO         5773    i.vofa_start        vofa.o
    0x08009ca0   0x08009ca0   0x00000004   Code   RO         5774    i.vofa_transmit     vofa.o
    0x08009ca4   0x08009ca4   0x00000150   Code   RO         6614    x$fpl$dadd          fz_wm.l(daddsub_clz.o)
    0x08009df4   0x08009df4   0x0000005e   Code   RO         6624    x$fpl$dfix          fz_wm.l(dfix.o)
    0x08009e52   0x08009e52   0x0000002e   Code   RO         6629    x$fpl$dflt          fz_wm.l(dflt_clz.o)
    0x08009e80   0x08009e80   0x00000154   Code   RO         6634    x$fpl$dmul          fz_wm.l(dmul.o)
    0x08009fd4   0x08009fd4   0x0000009c   Code   RO         6707    x$fpl$dnaninf       fz_wm.l(dnaninf.o)
    0x0800a070   0x0800a070   0x0000000c   Code   RO         6709    x$fpl$dretinf       fz_wm.l(dretinf.o)
    0x0800a07c   0x0800a07c   0x000001d4   Code   RO         6616    x$fpl$dsub          fz_wm.l(daddsub_clz.o)
    0x0800a250   0x0800a250   0x0000000a   Code   RO         6880    x$fpl$fpinit        fz_wm.l(fpinit.o)
    0x0800a25a   0x0800a25a   0x00000000   Code   RO         6715    x$fpl$usenofp       fz_wm.l(usenofp.o)
    0x0800a25a   0x0800a25a   0x00000018   Data   RO         5033    .constdata          stm32g4xx_hal_uart.o
    0x0800a272   0x0800a272   0x00000010   Data   RO         5399    .constdata          stm32g4xx_hal_uart_ex.o
    0x0800a282   0x0800a282   0x00000010   Data   RO         5504    .constdata          system_stm32g4xx.o
    0x0800a292   0x0800a292   0x00000008   Data   RO         5505    .constdata          system_stm32g4xx.o
    0x0800a29a   0x0800a29a   0x00000002   PAD
    0x0800a29c   0x0800a29c   0x00000020   Data   RO         6755    .constdata          m_wm.l(rredf.o)
    0x0800a2bc   0x0800a2bc   0x00000020   Data   RO         6936    Region$$Table       anon$$obj.o


    Execution Region RW_IRAM1 (Exec base: 0x20000000, Load base: 0x0800a2dc, Size: 0x000021e0, Max: 0x00008000, ABSOLUTE, COMPRESSED[0x000000c4])

    Exec Addr    Load Addr    Size         Type   Attr      Idx    E Section Name        Object

    0x20000000   COMPRESSED   0x00000008   Data   RW           17    .data               main.o
    0x20000008   COMPRESSED   0x00000004   Data   RW          276    .data               adc.o
    0x2000000c   COMPRESSED   0x0000000c   Data   RW         1169    .data               stm32g4xx_hal.o
    0x20000018   COMPRESSED   0x00000004   Data   RW         5506    .data               system_stm32g4xx.o
    0x2000001c   COMPRESSED   0x00000008   Data   RW         5777    .data               vofa.o
    0x20000024   COMPRESSED   0x00000020   Data   RW         6103    .data               usbd_desc.o
    0x20000044   COMPRESSED   0x00000032   Data   RW         6104    .data               usbd_desc.o
    0x20000076   COMPRESSED   0x00000002   PAD
    0x20000078   COMPRESSED   0x00000014   Data   RW         6178    .data               usbd_cdc_if.o
    0x2000008c   COMPRESSED   0x00000001   Data   RW         6375    .data               usbd_ctlreq.o
    0x2000008d   COMPRESSED   0x00000003   PAD
    0x20000090   COMPRESSED   0x000000d7   Data   RW         6514    .data               usbd_cdc.o
    0x20000167   COMPRESSED   0x00000001   PAD
    0x20000168   COMPRESSED   0x00000038   Data   RW         6515    .data               usbd_cdc.o
    0x200001a0        -       0x00000198   Zero   RW          275    .bss                adc.o
    0x20000338        -       0x00000064   Zero   RW          347    .bss                fdcan.o
    0x2000039c        -       0x000000c8   Zero   RW          390    .bss                spi.o
    0x20000464        -       0x00000098   Zero   RW          439    .bss                tim.o
    0x200004fc        -       0x00000154   Zero   RW          491    .bss                usart.o
    0x20000650        -       0x00000260   Zero   RW         5649    .bss                foc_drv.o
    0x200008b0        -       0x00000100   Zero   RW         5775    .bss                vofa.o
    0x200009b0        -       0x000004fc   Zero   RW         5872    .bss                usbd_conf.o
    0x20000eac        -       0x000002d0   Zero   RW         6057    .bss                usb_device.o
    0x2000117c        -       0x00000200   Zero   RW         6102    .bss                usbd_desc.o
    0x2000137c        -       0x00000800   Zero   RW         6177    .bss                usbd_cdc_if.o
    0x20001b7c        -       0x00000060   Zero   RW         6796    .bss                c_w.l(libspace.o)
    0x20001bdc   COMPRESSED   0x00000004   PAD
    0x20001be0        -       0x00000200   Zero   RW            2    HEAP                startup_stm32g431xx.o
    0x20001de0        -       0x00000400   Zero   RW            1    STACK               startup_stm32g431xx.o


==============================================================================

Image component sizes


      Code (inc. data)   RO Data    RW Data    ZI Data      Debug   Object Name

       876         60          0          4        408       3190   adc.o
       124          4          0          0          0        898   dma.o
       216         20          0          0        100       1827   fdcan.o
       108         18          0          0          0       1629   foc_ctrl.o
      7812        376          0          0        608      20648   foc_drv.o
       316         18          0          0          0       1099   gpio.o
       268         28          0          8          0     727247   main.o
       328         38          0          0        200       2438   spi.o
        64         26        472          0       1536        856   startup_stm32g431xx.o
       162         24          0         12          0       4417   stm32g4xx_hal.o
      2942        146          0          0          0      83651   stm32g4xx_hal_adc.o
      2278        100          0          0          0      79598   stm32g4xx_hal_adc_ex.o
       198         14          0          0          0      33915   stm32g4xx_hal_cortex.o
       906         30          0          0          0       6686   stm32g4xx_hal_dma.o
       516         18          0          0          0       3845   stm32g4xx_hal_fdcan.o
       594         34          0          0          0       2380   stm32g4xx_hal_gpio.o
        48          6          0          0          0        894   stm32g4xx_hal_msp.o
      2976          0          0          0          0      14865   stm32g4xx_hal_pcd.o
        96          0          0          0          0       1984   stm32g4xx_hal_pcd_ex.o
       204         18          0          0          0       1433   stm32g4xx_hal_pwr_ex.o
      1684         88          0          0          0       6340   stm32g4xx_hal_rcc.o
       648         10          0          0          0       1908   stm32g4xx_hal_rcc_ex.o
       234          0          0          0          0       1295   stm32g4xx_hal_spi.o
      2680        258          0          0          0      19254   stm32g4xx_hal_tim.o
       536         58          0          0          0       7959   stm32g4xx_hal_tim_ex.o
      2156         86         24          0          0      29624   stm32g4xx_hal_uart.o
       288          6         16          0          0       5474   stm32g4xx_hal_uart_ex.o
       144         58          0          0          0       8723   stm32g4xx_it.o
      2346          0          0          0          0      14188   stm32g4xx_ll_usb.o
        16          4         24          4          0       1163   system_stm32g4xx.o
       644         44          0          0        152       3413   tim.o
       348         34          0          0        340       2036   usart.o
        84         18          0          0        720        832   usb_device.o
       802         16          0        271          0      14001   usbd_cdc.o
       116         22          0         20       2048       4020   usbd_cdc_if.o
       684         36          0          0       1276      15603   usbd_conf.o
       652          0          0          0          0      10079   usbd_core.o
      1264         22          0          1          0      14500   usbd_ctlreq.o
       288        104          0         82        512       6290   usbd_desc.o
       132          0          0          0          0       4620   usbd_ioreq.o
       296         22          0          8        256       5321   vofa.o

    ----------------------------------------------------------------------
     37126       1864        570        416       8156    1170143   Object Totals
         0          0         32          0          0          0   (incl. Generated)
        52          0          2          6          0          0   (incl. Padding)

    ----------------------------------------------------------------------

      Code (inc. data)   RO Data    RW Data    ZI Data      Debug   Library Member Name

        90          0          0          0          0          0   __dczerorl2.o
         8          0          0          0          0         68   __main.o
         0          0          0          0          0          0   __rtentry.o
        12          0          0          0          0          0   __rtentry2.o
         6          0          0          0          0          0   __rtentry4.o
        52          8          0          0          0          0   __scatter.o
        28          0          0          0          0          0   __scatter_zi.o
        22          0          0          0          0        100   _rserrno.o
        18          0          0          0          0         80   exit.o
         6          0          0          0          0        152   heapauxi.o
         0          0          0          0          0          0   indicate_semi.o
         2          0          0          0          0          0   libinit.o
         6          0          0          0          0          0   libinit2.o
         2          0          0          0          0          0   libshutdown.o
         2          0          0          0          0          0   libshutdown2.o
         8          4          0          0         96         68   libspace.o
       238          0          0          0          0        100   lludivv7m.o
         8          4          0          0          0         68   rt_errno_addr_intlibspace.o
        78          0          0          0          0         80   rt_memclr_w.o
         2          0          0          0          0          0   rtexit.o
        10          0          0          0          0          0   rtexit2.o
        12          4          0          0          0         68   sys_exit.o
        74          0          0          0          0         80   sys_stackheap_outer.o
         2          0          0          0          0         68   use_no_semi.o
       804         16          0          0          0        368   daddsub_clz.o
        94          4          0          0          0        140   dfix.o
        46          0          0          0          0        116   dflt_clz.o
       340         12          0          0          0        152   dmul.o
       156          4          0          0          0        140   dnaninf.o
        12          0          0          0          0        116   dretinf.o
        10          0          0          0          0        116   fpinit.o
         0          0          0          0          0          0   usenofp.o
       592         90          0          0          0        184   atan2f.o
       336         56          0          0          0        136   cosf.o
        38          0          0          0          0        116   fpclassifyf.o
        44         12          0          0          0        464   funder.o
       340         24         32          0          0        160   rredf.o
       400         56          0          0          0        212   sinf.o
        58          0          0          0          0        136   sqrtf.o

    ----------------------------------------------------------------------
      3964        294         32          0        100       3488   Library Totals
         8          0          0          0          4          0   (incl. Padding)

    ----------------------------------------------------------------------

      Code (inc. data)   RO Data    RW Data    ZI Data      Debug   Library Name

       686         20          0          0         96        932   c_w.l
      1462         36          0          0          0       1148   fz_wm.l
      1808        238         32          0          0       1408   m_wm.l

    ----------------------------------------------------------------------
      3964        294         32          0        100       3488   Library Totals

    ----------------------------------------------------------------------

==============================================================================


      Code (inc. data)   RO Data    RW Data    ZI Data      Debug   

     41090       2158        602        416       8256    1144067   Grand Totals
     41090       2158        602        196       8256    1144067   ELF Image Totals (compressed)
     41090       2158        602        196          0          0   ROM Totals

==============================================================================

    Total RO  Size (Code + RO Data)                41692 (  40.71kB)
    Total RW  Size (RW Data + ZI Data)              8672 (   8.47kB)
    Total ROM Size (Code + RO Data + RW Data)      41888 (  40.91kB)

==============================================================================

