<html>
<body>
<pre>
<h1>µVision Build Log</h1>
<h2>Tool Versions:</h2>
IDE-Version: ¦ÌVision V5.43.1.0
Copyright (C) 2025 ARM Ltd and ARM Germany GmbH. All rights reserved.
License Information: 1 admin, 1, LIC=EXJT4-F91EY-WFMI7-E7C7S-BKKDC-X2BJV
 
Tool Versions:
Toolchain:       MDK-ARM Plus  Version: 5.43.0.0
Toolchain Path:  D:\keil_v5\MDK\ARM\ARMCC\Bin
C Compiler:      Armcc.exe V5.06 update 6 (build 750)
Assembler:       Armasm.exe V5.06 update 6 (build 750)
Linker/Locator:  ArmLink.exe V5.06 update 6 (build 750)
Library Manager: ArmAr.exe V5.06 update 6 (build 750)
Hex Converter:   FromElf.exe V5.06 update 6 (build 750)
CPU DLL:         SARMCM3.DLL V5.43.0.0
Dialog DLL:      DCM.DLL V1.17.5.0
Target DLL:      STLink\ST-LINKIII-KEIL_SWO.dll V3.3.1.0
Dialog DLL:      TCM.DLL V1.56.6.0
 
<h2>Project:</h2>
e:\2025smartcar\AxDr_L-main\AxDr_L-main\VFcontrol\MDK-ARM\AxDrFOC_G431.uvprojx
Project File Date:  03/10/2026

<h2>Output:</h2>
*** Using Compiler 'V5.06 update 6 (build 750)', folder: 'D:\keil_v5\MDK\ARM\ARMCC\Bin'
Build target 'AxDrFOC_G431'
compiling foc_drv.c...
..\User\motor\foc_drv.c(486): warning:  #177-D: variable "Tmindiv2"  was declared but never referenced
      const int16_t Tmindiv2    = (int16_t)(0.5f * Tmin);
..\User\motor\foc_drv.c(110): warning:  #177-D: function "foc_clamp_f32"  was declared but never referenced
  static float foc_clamp_f32(float in, float low, float high)
..\User\motor\foc_drv.c(117): warning:  #177-D: function "foc_clamp_u16"  was declared but never referenced
  static uint16_t foc_clamp_u16(int32_t val, uint16_t low, uint16_t high)
..\User\motor\foc_drv.c(124): warning:  #177-D: function "foc_clamp_i32"  was declared but never referenced
  static int32_t foc_clamp_i32(int32_t val, int32_t low, int32_t high)
..\User\motor\foc_drv.c: 4 warnings, 0 errors
linking...
Program Size: Code=42624 RO-data=600 RW-data=416 ZI-data=8296  
FromELF: creating hex file...
"AxDrFOC_G431\AxDrFOC_G431.axf" - 0 Error(s), 4 Warning(s).

<h2>Software Packages used:</h2>

Package Vendor: ARM
                http://www.keil.com/pack/ARM.CMSIS.5.9.0.pack
                ARM::CMSIS@5.9.0
                CMSIS (Common Microcontroller Software Interface Standard)
   * Component: CORE Version: 5.6.0

Package Vendor: Keil
                https://www.keil.com/pack/Keil.STM32G4xx_DFP.2.1.0.pack
                Keil::STM32G4xx_DFP@2.1.0
                STMicroelectronics STM32G4 Series Device Support

<h2>Collection of Component include folders:</h2>
  ./RTE/_AxDrFOC_G431
  D:/keil_v5/MDK/ARM/PACK/ARM/CMSIS/5.9.0/CMSIS/Core/Include

<h2>Collection of Component Files used:</h2>

   * Component: ARM::CMSIS:CORE@5.6.0
      Include file:  CMSIS/Core/Include/tz_context.h
Build Time Elapsed:  00:00:02
</pre>
</body>
</html>
